Component: ARM Compiler 5.06 update 7 (build 960) Tool: armlink [4d3601]

==============================================================================

Section Cross References

    startup_stm32f042x6.o(RESET) refers to startup_stm32f042x6.o(STACK) for __initial_sp
    startup_stm32f042x6.o(RESET) refers to startup_stm32f042x6.o(.text) for Reset_Handler
    startup_stm32f042x6.o(RESET) refers to stm32f0xx_it.o(i.NMI_Handler) for NMI_Handler
    startup_stm32f042x6.o(RESET) refers to stm32f0xx_it.o(i.HardFault_Handler) for HardFault_Handler
    startup_stm32f042x6.o(RESET) refers to hal_cm0.o(.emb_text) for SVC_Handler
    startup_stm32f042x6.o(RESET) refers to funciones.o(i.USART1_IRQHandler) for USART1_IRQHandler
    startup_stm32f042x6.o(.text) refers to startup_stm32f042x6.o(STACK) for __initial_sp
    startup_stm32f042x6.o(.text) refers to system_stm32f0xx.o(i.SystemInit) for SystemInit
    startup_stm32f042x6.o(.text) refers to entry.o(.ARM.Collect$$$$00000000) for __main
    t_control_1.o(i.Init_TControl) refers to rt_cmsis.o(i.osThreadCreate) for osThreadCreate
    t_control_1.o(i.Init_TControl) refers to t_control_1.o(.constdata) for .constdata
    t_control_1.o(i.Init_TControl) refers to t_control_1.o(.data) for .data
    t_control_1.o(i.TControl) refers to funciones.o(i.Lectura_botones) for Lectura_botones
    t_control_1.o(i.TControl) refers to rt_cmsis.o(i.osDelay) for osDelay
    t_control_1.o(i.TControl) refers to funciones.o(i.Comprobar_sensores) for Comprobar_sensores
    t_control_1.o(i.TControl) refers to funciones.o(i.lectura_sensores_verif) for lectura_sensores_verif
    t_control_1.o(i.TControl) refers to stm32f0xx_hal_gpio.o(i.HAL_GPIO_ReadPin) for HAL_GPIO_ReadPin
    t_control_1.o(i.TControl) refers to t_pantalla.o(i.End_TPantalla) for End_TPantalla
    t_control_1.o(i.TControl) refers to t_motores.o(i.Init_TMotores) for Init_TMotores
    t_control_1.o(i.TControl) refers to funciones_lion.o(i.mov_minisumo) for mov_minisumo
    t_control_1.o(i.TControl) refers to main.o(.bss) for str
    t_control_1.o(.constdata) refers to t_control_1.o(i.TControl) for TControl
    t_pantalla.o(i.End_TPantalla) refers to rt_cmsis.o(i.osThreadTerminate) for osThreadTerminate
    t_pantalla.o(i.End_TPantalla) refers to t_pantalla.o(.data) for .data
    t_pantalla.o(i.Init_TPantalla) refers to rt_cmsis.o(i.osThreadCreate) for osThreadCreate
    t_pantalla.o(i.Init_TPantalla) refers to t_pantalla.o(.constdata) for .constdata
    t_pantalla.o(i.Init_TPantalla) refers to t_pantalla.o(.data) for .data
    t_pantalla.o(i.TPantalla) refers to funciones_pantalla.o(i.pantalla_inicial) for pantalla_inicial
    t_pantalla.o(i.TPantalla) refers to stm32f0xx_hal_uart.o(i.HAL_UART_Receive_IT) for HAL_UART_Receive_IT
    t_pantalla.o(i.TPantalla) refers to funciones.o(i.bluetooth) for bluetooth
    t_pantalla.o(i.TPantalla) refers to funciones_pantalla.o(i.pantalla_APP) for pantalla_APP
    t_pantalla.o(i.TPantalla) refers to funciones_pantalla.o(i.verif_sensores) for verif_sensores
    t_pantalla.o(i.TPantalla) refers to funciones_pantalla.o(i.estrategias_pantalla) for estrategias_pantalla
    t_pantalla.o(i.TPantalla) refers to funciones_pantalla.o(i.pantalla4) for pantalla4
    t_pantalla.o(i.TPantalla) refers to funciones_pantalla.o(i.pantalla5) for pantalla5
    t_pantalla.o(i.TPantalla) refers to funciones_pantalla.o(i.fight) for fight
    t_pantalla.o(i.TPantalla) refers to rt_cmsis.o(i.osDelay) for osDelay
    t_pantalla.o(i.TPantalla) refers to funciones_pantalla.o(i.pantalla6) for pantalla6
    t_pantalla.o(i.TPantalla) refers to funciones_pantalla.o(i.pantalla_RC) for pantalla_RC
    t_pantalla.o(i.TPantalla) refers to funciones.o(i.bluetooth_RC) for bluetooth_RC
    t_pantalla.o(i.TPantalla) refers to main.o(.bss) for str
    t_pantalla.o(i.TPantalla) refers to usart.o(.bss) for huart1
    t_pantalla.o(.constdata) refers to t_pantalla.o(i.TPantalla) for TPantalla
    t_piso.o(i.Init_TPiso) refers to rt_cmsis.o(i.osThreadCreate) for osThreadCreate
    t_piso.o(i.Init_TPiso) refers to t_piso.o(.constdata) for .constdata
    t_piso.o(i.Init_TPiso) refers to t_piso.o(.data) for .data
    t_piso.o(i.TPiso) refers to funciones_lion.o(i.pinMode) for pinMode
    t_piso.o(i.TPiso) refers to stm32f0xx_hal_gpio.o(i.HAL_GPIO_WritePin) for HAL_GPIO_WritePin
    t_piso.o(i.TPiso) refers to stm32f0xx_hal_gpio.o(i.HAL_GPIO_ReadPin) for HAL_GPIO_ReadPin
    t_piso.o(i.TPiso) refers to idiv.o(.text) for __aeabi_idivmod
    t_piso.o(i.TPiso) refers to rt_cmsis.o(i.osDelay) for osDelay
    t_piso.o(i.TPiso) refers to main.o(.bss) for str
    t_piso.o(.constdata) refers to t_piso.o(i.TPiso) for TPiso
    t_sensores.o(i.Init_TSensores) refers to rt_cmsis.o(i.osThreadCreate) for osThreadCreate
    t_sensores.o(i.Init_TSensores) refers to t_sensores.o(.constdata) for .constdata
    t_sensores.o(i.Init_TSensores) refers to t_sensores.o(.data) for .data
[...]
    i.rt_put_prio                            0x080061c0   Section        0  rt_list.o(i.rt_put_prio)
    i.rt_put_rdy_first                       0x080061fc   Section        0  rt_list.o(i.rt_put_rdy_first)
    i.rt_resort_prio                         0x08006210   Section        0  rt_list.o(i.rt_resort_prio)
    i.rt_ret_val                             0x08006240   Section        0  hal_cm.o(i.rt_ret_val)
    i.rt_ret_val2                            0x08006246   Section        0  hal_cm.o(i.rt_ret_val2)
    i.rt_rmv_dly                             0x0800624e   Section        0  rt_list.o(i.rt_rmv_dly)
    i.rt_rmv_list                            0x08006278   Section        0  rt_list.o(i.rt_rmv_list)
    i.rt_sem_psh                             0x080062ac   Section        0  rt_semaphore.o(i.rt_sem_psh)
    i.rt_stk_check                           0x080062e0   Section        0  rt_system.o(i.rt_stk_check)
    i.rt_switch_req                          0x08006308   Section        0  rt_task.o(i.rt_switch_req)
    i.rt_sys_init                            0x08006318   Section        0  rt_task.o(i.rt_sys_init)
    i.rt_sys_start                           0x080063e0   Section        0  rt_task.o(i.rt_sys_start)
    i.rt_systick                             0x08006444   Section        0  rt_system.o(i.rt_systick)
    i.rt_tid2ptcb                            0x08006480   Section        0  rt_cmsis.o(i.rt_tid2ptcb)
    rt_tid2ptcb                              0x08006481   Thumb Code    18  rt_cmsis.o(i.rt_tid2ptcb)
    i.rt_timer_insert                        0x08006494   Section        0  rt_cmsis.o(i.rt_timer_insert)
    rt_timer_insert                          0x08006495   Thumb Code    52  rt_cmsis.o(i.rt_timer_insert)
    i.rt_tsk_create                          0x080064cc   Section        0  rt_task.o(i.rt_tsk_create)
    i.rt_tsk_delete                          0x08006544   Section        0  rt_task.o(i.rt_tsk_delete)
    i.rt_tsk_prio                            0x0800669c   Section        0  rt_task.o(i.rt_tsk_prio)
    i.rt_tsk_self                            0x0800671c   Section        0  rt_task.o(i.rt_tsk_self)
    i.ssd1306_I2C_Init                       0x0800672c   Section        0  ssd1306.o(i.ssd1306_I2C_Init)
    i.ssd1306_I2C_Write                      0x08006738   Section        0  ssd1306.o(i.ssd1306_I2C_Write)
    i.ssd1306_I2C_WriteMulti                 0x08006758   Section        0  ssd1306.o(i.ssd1306_I2C_WriteMulti)
    i.svcDelay                               0x080067a0   Section        0  rt_cmsis.o(i.svcDelay)
    i.svcKernelInitialize                    0x080067b4   Section        0  rt_cmsis.o(i.svcKernelInitialize)
    i.svcKernelStart                         0x0800682c   Section        0  rt_cmsis.o(i.svcKernelStart)
    i.svcMessageCreate                       0x08006878   Section        0  rt_cmsis.o(i.svcMessageCreate)
    i.svcMessageGet                          0x080068a2   Section        0  rt_cmsis.o(i.svcMessageGet)
    i.svcThreadCreate                        0x080068e0   Section        0  rt_cmsis.o(i.svcThreadCreate)
    i.svcThreadGetId                         0x08006954   Section        0  rt_cmsis.o(i.svcThreadGetId)
    i.svcThreadTerminate                     0x08006970   Section        0  rt_cmsis.o(i.svcThreadTerminate)
    i.svcTimerCall                           0x080069ac   Section        0  rt_cmsis.o(i.svcTimerCall)
    i.sysTimerTick                           0x080069c8   Section        0  rt_cmsis.o(i.sysTimerTick)
    i.verif_sensores                         0x08006a20   Section        0  funciones_pantalla.o(i.verif_sensores)
    i.writeFlash                             0x08006d30   Section        0  flash.o(i.writeFlash)
    writeFlash                               0x08006d31   Thumb Code   114  flash.o(i.writeFlash)
    .constdata                               0x08006dac   Section       16  t_control_1.o(.constdata)
    .constdata                               0x08006dbc   Section       16  t_pantalla.o(.constdata)
    .constdata                               0x08006dcc   Section       16  t_piso.o(.constdata)
    .constdata                               0x08006ddc   Section       16  t_sensores.o(.constdata)
    .constdata                               0x08006dec   Section       16  t_motores.o(.constdata)
    .constdata                               0x08006dfc   Section     1900  fonts.o(.constdata)
    .constdata                               0x08007568   Section       16  system_stm32f0xx.o(.constdata)
    .constdata                               0x08007578   Section        8  system_stm32f0xx.o(.constdata)
    .constdata                               0x08007580   Section        2  rtx_conf_cm.o(.constdata)
    .constdata                               0x08007584   Section        4  rtx_conf_cm.o(.constdata)
    .constdata                               0x08007588   Section        4  rtx_conf_cm.o(.constdata)
    .constdata                               0x0800758c   Section        4  rtx_conf_cm.o(.constdata)
    .constdata                               0x08007590   Section        1  rtx_conf_cm.o(.constdata)
    .constdata                               0x08007594   Section       32  rtx_conf_cm.o(.constdata)
    __tagsym$$used                           0x08007594   Number         0  rtx_conf_cm.o(.constdata)
    __tagsym$$used                           0x08007598   Number         0  rtx_conf_cm.o(.constdata)
    __tagsym$$used                           0x0800759c   Number         0  rtx_conf_cm.o(.constdata)
    __tagsym$$used                           0x080075a0   Number         0  rtx_conf_cm.o(.constdata)
    .constdata                               0x080075b4   Section        2  rtx_conf_cm.o(.constdata)
    .constdata                               0x080075b8   Section        4  rtx_conf_cm.o(.constdata)
    .constdata                               0x080075bc   Section        4  rtx_conf_cm.o(.constdata)
    .constdata                               0x080075c0   Section        1  rtx_conf_cm.o(.constdata)
    .constdata                               0x080075c4   Section       16  rtx_conf_cm.o(.constdata)
    .constdata                               0x080075d4   Section        8  rtx_conf_cm.o(.constdata)
    .constdata                               0x080075dc   Section        2  rtx_conf_cm.o(.constdata)
    .data                                    0x20000000   Section        4  t_control_1.o(.data)
    .data                                    0x20000004   Section        4  t_pantalla.o(.data)
    .data                                    0x20000008   Section        4  t_piso.o(.data)
    .data                                    0x2000000c   Section        4  t_sensores.o(.data)
    .data                                    0x20000010   Section        4  t_motores.o(.data)
    .data                                    0x20000014   Section        8  flash.o(.data)
    .data                                    0x2000001c   Section        8  fonts.o(.data)
    .data                                    0x20000024   Section        6  ssd1306.o(.data)
    SSD1306                                  0x20000024   Data           6  ssd1306.o(.data)
    .data                                    0x2000002c   Section        4  stm32f0xx_hal.o(.data)
    .data                                    0x20000030   Section        4  system_stm32f0xx.o(.data)
    .data                                    0x20000034   Section        4  rtx_conf_cm.o(.data)
    .data                                    0x20000038   Section        4  rtx_conf_cm.o(.data)
    .data                                    0x2000003c   Section        4  rtx_conf_cm.o(.data)
    .data                                    0x20000040   Section        8  rt_cmsis.o(.data)
    .data                                    0x20000048   Section        8  rt_task.o(.data)
    .data                                    0x20000050   Section        8  rt_system.o(.data)
    os_lock                                  0x20000050   Data           1  rt_system.o(.data)
    os_psh_flag                              0x20000051   Data           1  rt_system.o(.data)
    pend_flags                               0x20000052   Data           1  rt_system.o(.data)
    .data                                    0x20000058   Section        4  rt_time.o(.data)
    .data                                    0x2000005c   Section        8  rt_robin.o(.data)
    .data                                    0x20000064   Section        4  mvars.o(.data)
    .data                                    0x20000068   Section        4  mvars.o(.data)
    .bss                                     0x2000006c   Section      152  flash.o(.bss)
    .bss                                     0x20000104   Section     1024  ssd1306.o(.bss)
    SSD1306_Buffer                           0x20000104   Data        1024  ssd1306.o(.bss)
    .bss                                     0x20000504   Section       76  i2c.o(.bss)
    .bss                                     0x20000550   Section       64  tim.o(.bss)
    .bss                                     0x20000590   Section      112  usart.o(.bss)
    .bss                                     0x20000600   Section      648  main.o(.bss)
    .bss                                     0x20000888   Section       32  stm32f0xx_hal_flash.o(.bss)
    .bss                                     0x200008a8   Section       32  rtx_conf_cm.o(.bss)
    .bss                                     0x200008c8   Section      324  rtx_conf_cm.o(.bss)
    .bss                                     0x20000a10   Section     1616  rtx_conf_cm.o(.bss)
    .bss                                     0x20001060   Section      552  rtx_conf_cm.o(.bss)
    .bss                                     0x20001288   Section      132  rtx_conf_cm.o(.bss)
    .bss                                     0x2000130c   Section       24  rtx_conf_cm.o(.bss)
    .bss                                     0x20001324   Section       52  rt_task.o(.bss)
    .bss                                     0x20001358   Section       48  rt_list.o(.bss)
    HEAP                                     0x20001388   Section      336  startup_stm32f042x6.o(HEAP)
    STACK                                    0x200014d8   Section      512  startup_stm32f042x6.o(STACK)

    Global Symbols

    Symbol Name                              Value     Ov Type        Size  Object(Section)

    BuildAttributes$$THM_ISAv3M$S$PE$A:L22$X:L11$S22$IEEE1$IW$USESV6$~STKCKD$USESV7$~SHL$OTIME$ROPI$EBA8$MICROLIB$REQ8$PRES8$EABIv2 0x00000000   Number         0  anon$$obj.o ABSOLUTE
    __ARM_use_no_argv                        0x00000000   Number         0  main.o ABSOLUTE
    _printf_a                                0x00000000   Number         0  stubs.o ABSOLUTE
    _printf_c                                0x00000000   Number         0  stubs.o ABSOLUTE
    _printf_charcount                        0x00000000   Number         0  stubs.o ABSOLUTE
    _printf_d                                0x00000000   Number         0  stubs.o ABSOLUTE
    _printf_e                                0x00000000   Number         0  stubs.o ABSOLUTE
    _printf_f                                0x00000000   Number         0  stubs.o ABSOLUTE
    _printf_flags                            0x00000000   Number         0  stubs.o ABSOLUTE
    _printf_fp_dec                           0x00000000   Number         0  stubs.o ABSOLUTE
    _printf_fp_hex                           0x00000000   Number         0  stubs.o ABSOLUTE
    _printf_g                                0x00000000   Number         0  stubs.o ABSOLUTE
    _printf_i                                0x00000000   Number         0  stubs.o ABSOLUTE
    _printf_int_dec                          0x00000000   Number         0  stubs.o ABSOLUTE
    _printf_l                                0x00000000   Number         0  stubs.o ABSOLUTE
    _printf_lc                               0x00000000   Number         0  stubs.o ABSOLUTE
    _printf_ll                               0x00000000   Number         0  stubs.o ABSOLUTE
    _printf_lld                              0x00000000   Number         0  stubs.o ABSOLUTE
    _printf_lli                              0x00000000   Number         0  stubs.o ABSOLUTE
    _printf_llo                              0x00000000   Number         0  stubs.o ABSOLUTE
    _printf_llu                              0x00000000   Number         0  stubs.o ABSOLUTE
    _printf_llx                              0x00000000   Number         0  stubs.o ABSOLUTE
    _printf_longlong_dec                     0x00000000   Number         0  stubs.o ABSOLUTE
    _printf_longlong_hex                     0x00000000   Number         0  stubs.o ABSOLUTE
    _printf_longlong_oct                     0x00000000   Number         0  stubs.o ABSOLUTE
    _printf_ls                               0x00000000   Number         0  stubs.o ABSOLUTE
    _printf_mbtowc                           0x00000000   Number         0  stubs.o ABSOLUTE
    _printf_n                                0x00000000   Number         0  stubs.o ABSOLUTE
    _printf_o                                0x00000000   Number         0  stubs.o ABSOLUTE
    _printf_p                                0x00000000   Number         0  stubs.o ABSOLUTE
    _printf_percent                          0x00000000   Number         0  stubs.o ABSOLUTE
    _printf_pre_padding                      0x00000000   Number         0  stubs.o ABSOLUTE
    _printf_return_value                     0x00000000   Number         0  stubs.o ABSOLUTE
    _printf_s                                0x00000000   Number         0  stubs.o ABSOLUTE
    _printf_sizespec                         0x00000000   Number         0  stubs.o ABSOLUTE
    _printf_str                              0x00000000   Number         0  stubs.o ABSOLUTE
    _printf_truncate_signed                  0x00000000   Number         0  stubs.o ABSOLUTE
    _printf_truncate_unsigned                0x00000000   Number         0  stubs.o ABSOLUTE
    _printf_u                                0x00000000   Number         0  stubs.o ABSOLUTE
    _printf_wc                               0x00000000   Number         0  stubs.o ABSOLUTE
    _printf_wctomb                           0x00000000   Number         0  stubs.o ABSOLUTE
    _printf_widthprec                        0x00000000   Number         0  stubs.o ABSOLUTE
    _printf_x                                0x00000000   Number         0  stubs.o ABSOLUTE
    __arm_fini_                               - Undefined Weak Reference
    __cpp_initialize__aeabi_                  - Undefined Weak Reference
    __cxa_finalize                            - Undefined Weak Reference
    __decompress                              - Undefined Weak Reference
    _clock_init                               - Undefined Weak Reference
    _microlib_exit                            - Undefined Weak Reference
    __Vectors_Size                           0x000000c0   Number         0  startup_stm32f042x6.o ABSOLUTE
    __RL_RTX_VER                             0x00000482   Number         0  rt_system.o ABSOLUTE
    __Vectors                                0x08000000   Data           4  startup_stm32f042x6.o(RESET)
    __Vectors_End                            0x080000c0   Data           0  startup_stm32f042x6.o(RESET)
    __main                                   0x080000c1   Thumb Code     0  entry.o(.ARM.Collect$$$$00000000)
    _main_stk                                0x080000c1   Thumb Code     0  entry2.o(.ARM.Collect$$$$00000001)
    _main_scatterload                        0x080000c5   Thumb Code     0  entry5.o(.ARM.Collect$$$$00000004)
    __main_after_scatterload                 0x080000c9   Thumb Code     0  entry5.o(.ARM.Collect$$$$00000004)
    __rt_lib_shutdown_fini                   0x080000c9   Thumb Code     0  entry12b.o(.ARM.Collect$$$$0000000E)
    _main_clock                              0x080000c9   Thumb Code     0  entry7b.o(.ARM.Collect$$$$00000008)
    _main_cpp_init                           0x080000c9   Thumb Code     0  entry8b.o(.ARM.Collect$$$$0000000A)
    __rt_final_cpp                           0x080000cd   Thumb Code     0  entry10a.o(.ARM.Collect$$$$0000000F)
    __rt_final_exit                          0x080000cd   Thumb Code     0  entry11a.o(.ARM.Collect$$$$00000011)
    _main_init                               0x080000cd   Thumb Code    18  rtx_conf_cm.o(.ARM.Collect$$$$000000FF)
    rt_set_PSP                               0x080000e9   Thumb Code     6  hal_cm0.o(.emb_text)
    rt_get_PSP                               0x080000ef   Thumb Code     6  hal_cm0.o(.emb_text)
    os_set_env                               0x080000f5   Thumb Code    32  hal_cm0.o(.emb_text)
    _alloc_box                               0x08000119   Thumb Code    28  hal_cm0.o(.emb_text)
    _free_box                                0x08000139   Thumb Code    28  hal_cm0.o(.emb_text)
    SVC_Handler                              0x08000159   Thumb Code   136  hal_cm0.o(.emb_text)
    PendSV_Handler                           0x080001ed   Thumb Code    72  hal_cm0.o(.emb_text)
    SysTick_Handler                          0x08000239   Thumb Code     8  hal_cm0.o(.emb_text)
    OS_Tick_Handler                          0x08000241   Thumb Code    12  hal_cm0.o(.emb_text)
    Reset_Handler                            0x0800024d   Thumb Code    38  startup_stm32f042x6.o(.text)
    ADC1_IRQHandler                          0x0800027d   Thumb Code     0  startup_stm32f042x6.o(.text)
    CEC_CAN_IRQHandler                       0x0800027d   Thumb Code     0  startup_stm32f042x6.o(.text)
    DMA1_Channel1_IRQHandler                 0x0800027d   Thumb Code     0  startup_stm32f042x6.o(.text)
    DMA1_Channel2_3_IRQHandler               0x0800027d   Thumb Code     0  startup_stm32f042x6.o(.text)
    DMA1_Channel4_5_IRQHandler               0x0800027d   Thumb Code     0  startup_stm32f042x6.o(.text)
    EXTI0_1_IRQHandler                       0x0800027d   Thumb Code     0  startup_stm32f042x6.o(.text)
    EXTI2_3_IRQHandler                       0x0800027d   Thumb Code     0  startup_stm32f042x6.o(.text)
    EXTI4_15_IRQHandler                      0x0800027d   Thumb Code     0  startup_stm32f042x6.o(.text)
    FLASH_IRQHandler                         0x0800027d   Thumb Code     0  startup_stm32f042x6.o(.text)
    I2C1_IRQHandler                          0x0800027d   Thumb Code     0  startup_stm32f042x6.o(.text)
    PVD_VDDIO2_IRQHandler                    0x0800027d   Thumb Code     0  startup_stm32f042x6.o(.text)
    RCC_CRS_IRQHandler                       0x0800027d   Thumb Code     0  startup_stm32f042x6.o(.text)
    RTC_IRQHandler                           0x0800027d   Thumb Code     0  startup_stm32f042x6.o(.text)
    SPI1_IRQHandler                          0x0800027d   Thumb Code     0  startup_stm32f042x6.o(.text)
    SPI2_IRQHandler                          0x0800027d   Thumb Code     0  startup_stm32f042x6.o(.text)
    TIM14_IRQHandler                         0x0800027d   Thumb Code     0  startup_stm32f042x6.o(.text)
    TIM16_IRQHandler                         0x0800027d   Thumb Code     0  startup_stm32f042x6.o(.text)
    TIM17_IRQHandler                         0x0800027d   Thumb Code     0  startup_stm32f042x6.o(.text)
    TIM1_BRK_UP_TRG_COM_IRQHandler           0x0800027d   Thumb Code     0  startup_stm32f042x6.o(.text)
    TIM1_CC_IRQHandler                       0x0800027d   Thumb Code     0  startup_stm32f042x6.o(.text)
    TIM2_IRQHandler                          0x0800027d   Thumb Code     0  startup_stm32f042x6.o(.text)
    TIM3_IRQHandler                          0x0800027d   Thumb Code     0  startup_stm32f042x6.o(.text)
    TSC_IRQHandler                           0x0800027d   Thumb Code     0  startup_stm32f042x6.o(.text)
    USART2_IRQHandler                        0x0800027d   Thumb Code     0  startup_stm32f042x6.o(.text)
    USB_IRQHandler                           0x0800027d   Thumb Code     0  startup_stm32f042x6.o(.text)
    WWDG_IRQHandler                          0x0800027d   Thumb Code     0  startup_stm32f042x6.o(.text)
    __aeabi_uidiv                            0x080002a5   Thumb Code     0  uidiv.o(.text)
    __aeabi_uidivmod                         0x080002a5   Thumb Code    44  uidiv.o(.text)
    __aeabi_idiv                             0x080002d1   Thumb Code     0  idiv.o(.text)
    __aeabi_idivmod                          0x080002d1   Thumb Code    40  idiv.o(.text)
    __aeabi_llsr                             0x080002f9   Thumb Code    34  llushr.o(.text)
    _ll_ushift_r                             0x080002f9   Thumb Code     0  llushr.o(.text)
    __aeabi_memset                           0x0800031b   Thumb Code    14  memseta.o(.text)
    __aeabi_memset4                          0x0800031b   Thumb Code     0  memseta.o(.text)
    __aeabi_memset8                          0x0800031b   Thumb Code     0  memseta.o(.text)
    __aeabi_memclr                           0x08000329   Thumb Code     4  memseta.o(.text)
    __aeabi_memclr4                          0x08000329   Thumb Code     0  memseta.o(.text)
    __aeabi_memclr8                          0x08000329   Thumb Code     0  memseta.o(.text)
    _memset$wrapper                          0x0800032d   Thumb Code    18  memseta.o(.text)
    __aeabi_fadd                             0x0800033f   Thumb Code   162  fadd.o(.text)
    __aeabi_fsub                             0x080003e1   Thumb Code     8  fadd.o(.text)
    __aeabi_frsub                            0x080003e9   Thumb Code     8  fadd.o(.text)
    __aeabi_fmul                             0x080003f1   Thumb Code   122  fmul.o(.text)
    __aeabi_fdiv                             0x0800046b   Thumb Code   124  fdiv.o(.text)
    __ARM_scalbnf                            0x080004e7   Thumb Code    24  fscalb.o(.text)
    scalbnf                                  0x080004e7   Thumb Code     0  fscalb.o(.text)
    __aeabi_i2f                              0x080004ff   Thumb Code    22  fflti.o(.text)
    __aeabi_f2iz                             0x08000515   Thumb Code    50  ffixi.o(.text)
    __I$use$fp                               0x08000547   Thumb Code     0  iusefp.o(.text)
    _float_round                             0x08000547   Thumb Code    16  fepilogue.o(.text)
    _float_epilogue                          0x08000557   Thumb Code   114  fepilogue.o(.text)
    __scatterload                            0x080005c9   Thumb Code    28  init.o(.text)
    __scatterload_rt2                        0x080005c9   Thumb Code     0  init.o(.text)
    SVC_Count                                0x080005ec   Data           4  svc_table.o(SVC_TABLE)
    Comprobar_sensores                       0x080005f1   Thumb Code   154  funciones.o(i.Comprobar_sensores)
    SVC_Table                                0x080005f0   Data           0  svc_table.o(SVC_TABLE)
    Control_Motores                          0x08000691   Thumb Code   138  funciones_lion.o(i.Control_Motores)
    Detectar_Ubicacion                       0x08000729   Thumb Code   124  funciones_lion.o(i.Detectar_Ubicacion)
    End_TPantalla                            0x080007b1   Thumb Code    12  t_pantalla.o(i.End_TPantalla)
    FLASH_WaitForLastOperation               0x08000819   Thumb Code    76  stm32f0xx_hal_flash.o(i.FLASH_WaitForLastOperation)
    HAL_DMA_Abort_IT                         0x08000869   Thumb Code    72  stm32f0xx_hal_dma.o(i.HAL_DMA_Abort_IT)
    HAL_FLASH_Lock                           0x080008b1   Thumb Code    14  stm32f0xx_hal_flash.o(i.HAL_FLASH_Lock)
    HAL_FLASH_Program                        0x080008c5   Thumb Code   110  stm32f0xx_hal_flash.o(i.HAL_FLASH_Program)
    HAL_FLASH_Unlock                         0x08000941   Thumb Code    28  stm32f0xx_hal_flash.o(i.HAL_FLASH_Unlock)
    HAL_GPIO_Init                            0x08000969   Thumb Code   294  stm32f0xx_hal_gpio.o(i.HAL_GPIO_Init)
    HAL_GPIO_ReadPin                         0x08000aa5   Thumb Code    10  stm32f0xx_hal_gpio.o(i.HAL_GPIO_ReadPin)
    HAL_GPIO_WritePin                        0x08000aaf   Thumb Code    12  stm32f0xx_hal_gpio.o(i.HAL_GPIO_WritePin)
    HAL_GetTick                              0x08000abd   Thumb Code     6  stm32f0xx_hal.o(i.HAL_GetTick)
    HAL_I2CEx_ConfigAnalogFilter             0x08000ac9   Thumb Code    74  stm32f0xx_hal_i2c_ex.o(i.HAL_I2CEx_ConfigAnalogFilter)
    HAL_I2CEx_ConfigDigitalFilter            0x08000b13   Thumb Code    72  stm32f0xx_hal_i2c_ex.o(i.HAL_I2CEx_ConfigDigitalFilter)
    HAL_I2C_Init                             0x08000b5d   Thumb Code   176  stm32f0xx_hal_i2c.o(i.HAL_I2C_Init)
    HAL_I2C_IsDeviceReady                    0x08000c11   Thumb Code   280  stm32f0xx_hal_i2c.o(i.HAL_I2C_IsDeviceReady)
    HAL_I2C_Master_Transmit                  0x08000d2d   Thumb Code   274  stm32f0xx_hal_i2c.o(i.HAL_I2C_Master_Transmit)
    HAL_I2C_MspInit                          0x08000e45   Thumb Code    84  i2c.o(i.HAL_I2C_MspInit)
    HAL_Init                                 0x08000ea5   Thumb Code    26  stm32f0xx_hal.o(i.HAL_Init)
    HAL_InitTick                             0x08000ec5   Thumb Code    34  stm32f0xx_hal.o(i.HAL_InitTick)
    HAL_MspInit                              0x08000ee9   Thumb Code    34  stm32f0xx_hal_msp.o(i.HAL_MspInit)
    HAL_NVIC_EnableIRQ                       0x08000f11   Thumb Code    14  stm32f0xx_hal_cortex.o(i.HAL_NVIC_EnableIRQ)
    HAL_NVIC_SetPriority                     0x08000f25   Thumb Code     8  stm32f0xx_hal_cortex.o(i.HAL_NVIC_SetPriority)
    HAL_RCCEx_PeriphCLKConfig                0x08000f2d   Thumb Code   254  stm32f0xx_hal_rcc_ex.o(i.HAL_RCCEx_PeriphCLKConfig)
    HAL_RCC_ClockConfig                      0x08001039   Thumb Code   320  stm32f0xx_hal_rcc.o(i.HAL_RCC_ClockConfig)
    HAL_RCC_GetHCLKFreq                      0x0800118d   Thumb Code     6  stm32f0xx_hal_rcc.o(i.HAL_RCC_GetHCLKFreq)
    HAL_RCC_GetPCLK1Freq                     0x08001199   Thumb Code    20  stm32f0xx_hal_rcc.o(i.HAL_RCC_GetPCLK1Freq)
    HAL_RCC_GetSysClockFreq                  0x080011b9   Thumb Code    90  stm32f0xx_hal_rcc.o(i.HAL_RCC_GetSysClockFreq)
    HAL_RCC_OscConfig                        0x08001241   Thumb Code   966  stm32f0xx_hal_rcc.o(i.HAL_RCC_OscConfig)
    HAL_SYSTICK_Config                       0x08001619   Thumb Code    38  stm32f0xx_hal_cortex.o(i.HAL_SYSTICK_Config)
    HAL_TIMEx_MasterConfigSynchronization    0x08001649   Thumb Code    72  stm32f0xx_hal_tim_ex.o(i.HAL_TIMEx_MasterConfigSynchronization)
    HAL_TIM_Base_Start                       0x08001691   Thumb Code    24  stm32f0xx_hal_tim.o(i.HAL_TIM_Base_Start)
    HAL_TIM_MspPostInit                      0x080016a9   Thumb Code    70  tim.o(i.HAL_TIM_MspPostInit)
    HAL_TIM_PWM_ConfigChannel                0x080016f5   Thumb Code   208  stm32f0xx_hal_tim.o(i.HAL_TIM_PWM_ConfigChannel)
    HAL_TIM_PWM_Init                         0x080017c5   Thumb Code    52  stm32f0xx_hal_tim.o(i.HAL_TIM_PWM_Init)
    HAL_TIM_PWM_MspInit                      0x080017f9   Thumb Code    30  tim.o(i.HAL_TIM_PWM_MspInit)
    HAL_TIM_PWM_Start                        0x0800181d   Thumb Code    56  stm32f0xx_hal_tim.o(i.HAL_TIM_PWM_Start)
    HAL_UARTEx_WakeupCallback                0x08001861   Thumb Code     2  stm32f0xx_hal_uart_ex.o(i.HAL_UARTEx_WakeupCallback)
    HAL_UART_ErrorCallback                   0x08001863   Thumb Code     2  stm32f0xx_hal_uart.o(i.HAL_UART_ErrorCallback)
    HAL_UART_IRQHandler                      0x08001865   Thumb Code   304  stm32f0xx_hal_uart.o(i.HAL_UART_IRQHandler)
    HAL_UART_Init                            0x08001999   Thumb Code   108  stm32f0xx_hal_uart.o(i.HAL_UART_Init)
    HAL_UART_MspInit                         0x08001a05   Thumb Code   100  usart.o(i.HAL_UART_MspInit)
    HAL_UART_Receive_IT                      0x08001a75   Thumb Code   154  stm32f0xx_hal_uart.o(i.HAL_UART_Receive_IT)
    HAL_UART_RxCpltCallback                  0x08001b15   Thumb Code     2  stm32f0xx_hal_uart.o(i.HAL_UART_RxCpltCallback)
    HAL_UART_Transmit                        0x08001b17   Thumb Code   200  stm32f0xx_hal_uart.o(i.HAL_UART_Transmit)
    HAL_UART_TxCpltCallback                  0x08001bdf   Thumb Code     2  stm32f0xx_hal_uart.o(i.HAL_UART_TxCpltCallback)
    HardFault_Handler                        0x08001be1   Thumb Code     2  stm32f0xx_it.o(i.HardFault_Handler)
    Init_TControl                            0x08001d85   Thumb Code    28  t_control_1.o(i.Init_TControl)
    Init_TMotores                            0x08001da9   Thumb Code    28  t_motores.o(i.Init_TMotores)
    Init_TPantalla                           0x08001dcd   Thumb Code    28  t_pantalla.o(i.Init_TPantalla)
    Init_TPiso                               0x08001df1   Thumb Code    28  t_piso.o(i.Init_TPiso)
    Init_TSensores                           0x08001e15   Thumb Code    28  t_sensores.o(i.Init_TSensores)
    Init_buttons                             0x08001e39   Thumb Code    54  iniciar_pines_lion.o(i.Init_buttons)
    Init_sensors                             0x08001e75   Thumb Code   100  iniciar_pines_lion.o(i.Init_sensors)
    Lectura_botones                          0x08001ee1   Thumb Code    96  funciones.o(i.Lectura_botones)
    MC_Load_Setup                            0x08001f49   Thumb Code    22  flash.o(i.MC_Load_Setup)
    MC_Write_Setup                           0x08001f69   Thumb Code    18  flash.o(i.MC_Write_Setup)
    MX_GPIO_Init                             0x08001f85   Thumb Code    50  gpio.o(i.MX_GPIO_Init)
    MX_I2C1_Init                             0x08001fbd   Thumb Code    60  i2c.o(i.MX_I2C1_Init)
    MX_TIM2_Init                             0x08002005   Thumb Code   118  tim.o(i.MX_TIM2_Init)
    MX_USART1_UART_Init                      0x08002081   Thumb Code    40  usart.o(i.MX_USART1_UART_Init)
    NMI_Handler                              0x080020b1   Thumb Code     2  stm32f0xx_it.o(i.NMI_Handler)
    SSD1306_DrawCircle                       0x080020f9   Thumb Code   262  ssd1306.o(i.SSD1306_DrawCircle)
    SSD1306_DrawFilledCircle                 0x080021ff   Thumb Code   254  ssd1306.o(i.SSD1306_DrawFilledCircle)
    SSD1306_DrawFilledRectangle              0x080022fd   Thumb Code    78  ssd1306.o(i.SSD1306_DrawFilledRectangle)
    SSD1306_DrawFilledTriangle               0x0800234b   Thumb Code   190  ssd1306.o(i.SSD1306_DrawFilledTriangle)
    SSD1306_DrawLine                         0x08002409   Thumb Code   272  ssd1306.o(i.SSD1306_DrawLine)
    SSD1306_DrawPixel                        0x08002519   Thumb Code    58  ssd1306.o(i.SSD1306_DrawPixel)
    SSD1306_DrawRectangle                    0x0800255d   Thumb Code   108  ssd1306.o(i.SSD1306_DrawRectangle)
    SSD1306_Fill                             0x080025c9   Thumb Code    24  ssd1306.o(i.SSD1306_Fill)
    SSD1306_GotoXY                           0x080025e5   Thumb Code     8  ssd1306.o(i.SSD1306_GotoXY)
    SSD1306_Init                             0x080025f1   Thumb Code   338  ssd1306.o(i.SSD1306_Init)
    SSD1306_Putc                             0x08002755   Thumb Code   138  ssd1306.o(i.SSD1306_Putc)
    SSD1306_Puts                             0x080027e5   Thumb Code    40  ssd1306.o(i.SSD1306_Puts)
    SSD1306_UpdateScreen                     0x0800280d   Thumb Code    64  ssd1306.o(i.SSD1306_UpdateScreen)
    SystemClock_Config                       0x08002851   Thumb Code    94  main.o(i.SystemClock_Config)
    SystemInit                               0x080028b1   Thumb Code    78  system_stm32f0xx.o(i.SystemInit)
    TControl                                 0x0800290d   Thumb Code   340  t_control_1.o(i.TControl)
    TIM_Base_SetConfig                       0x08002a65   Thumb Code   112  stm32f0xx_hal_tim.o(i.TIM_Base_SetConfig)
    TIM_CCxChannelCmd                        0x08002ae9   Thumb Code    22  stm32f0xx_hal_tim.o(i.TIM_CCxChannelCmd)
    TIM_OC2_SetConfig                        0x08002b79   Thumb Code   104  stm32f0xx_hal_tim.o(i.TIM_OC2_SetConfig)
    TMotores                                 0x08002cc5   Thumb Code   118  t_motores.o(i.TMotores)
    TPantalla                                0x08002d41   Thumb Code   160  t_pantalla.o(i.TPantalla)
    TPiso                                    0x08002ded   Thumb Code   710  t_piso.o(i.TPiso)
    TSensores                                0x080030bd   Thumb Code   110  t_sensores.o(i.TSensores)
    UART_AdvFeatureConfig                    0x08003139   Thumb Code   202  stm32f0xx_hal_uart.o(i.UART_AdvFeatureConfig)
    UART_CheckIdleState                      0x08003205   Thumb Code    96  stm32f0xx_hal_uart.o(i.UART_CheckIdleState)
    UART_EndTransmit_IT                      0x0800329f   Thumb Code    26  stm32f0xx_hal_uart.o(i.UART_EndTransmit_IT)
    UART_Receive_IT                          0x080032b9   Thumb Code   122  stm32f0xx_hal_uart.o(i.UART_Receive_IT)
    UART_SetConfig                           0x08003335   Thumb Code   280  stm32f0xx_hal_uart.o(i.UART_SetConfig)
    UART_Transmit_IT                         0x08003465   Thumb Code   102  stm32f0xx_hal_uart.o(i.UART_Transmit_IT)
    UART_WaitOnFlagUntilTimeout              0x080034cb   Thumb Code    98  stm32f0xx_hal_uart.o(i.UART_WaitOnFlagUntilTimeout)
    USART1_IRQHandler                        0x0800352d   Thumb Code    16  funciones.o(i.USART1_IRQHandler)
    __0sprintf$1                             0x08003545   Thumb Code    36  printf1.o(i.__0sprintf$1)
    __1sprintf$1                             0x08003545   Thumb Code     0  printf1.o(i.__0sprintf$1)
    __2sprintf                               0x08003545   Thumb Code     0  printf1.o(i.__0sprintf$1)
    __ARM_common_switch8                     0x0800356d   Thumb Code    26  estrategias_lion.o(i.__ARM_common_switch8)
    __scatterload_copy                       0x08003587   Thumb Code    14  handlers.o(i.__scatterload_copy)
    __scatterload_null                       0x08003595   Thumb Code     2  handlers.o(i.__scatterload_null)
    __scatterload_zeroinit                   0x08003597   Thumb Code    14  handlers.o(i.__scatterload_zeroinit)
    _init_box                                0x080035a5   Thumb Code    72  rt_membox.o(i._init_box)
    bluetooth                                0x08003749   Thumb Code  2752  funciones.o(i.bluetooth)
    bluetooth_RC                             0x08004299   Thumb Code   296  funciones.o(i.bluetooth_RC)
    check_sensor                             0x080043cd   Thumb Code   384  funciones.o(i.check_sensor)
    control_busqueda                         0x08004551   Thumb Code   270  estrategias_lion.o(i.control_busqueda)
    detecta_linea                            0x08004671   Thumb Code   330  estrategias_lion.o(i.detecta_linea)
    estrategia_1                             0x080047c9   Thumb Code   126  estrategias_lion.o(i.estrategia_1)
    estrategia_2                             0x08004851   Thumb Code    62  estrategias_lion.o(i.estrategia_2)
    estrategia_3                             0x08004899   Thumb Code   134  estrategias_lion.o(i.estrategia_3)
    estrategia_4                             0x0800492d   Thumb Code   134  estrategias_lion.o(i.estrategia_4)
    estrategia_5                             0x080049c1   Thumb Code    72  estrategias_lion.o(i.estrategia_5)
    estrategia_6                             0x08004a11   Thumb Code    72  estrategias_lion.o(i.estrategia_6)
    estrategia_7                             0x08004a61   Thumb Code   232  estrategias_lion.o(i.estrategia_7)
    estrategia_8                             0x08004b55   Thumb Code   232  estrategias_lion.o(i.estrategia_8)
    estrategia_9                             0x08004c49   Thumb Code    28  estrategias_lion.o(i.estrategia_9)
    estrategias_ex                           0x08004c6d   Thumb Code    88  estrategias_lion.o(i.estrategias_ex)
    estrategias_pantalla                     0x08004cc9   Thumb Code  1006  funciones_pantalla.o(i.estrategias_pantalla)
    fight                                    0x080050bd   Thumb Code    32  funciones_pantalla.o(i.fight)
    free                                     0x080050e9   Thumb Code    80  malloc.o(i.free)
    isrMessageGet                            0x0800513d   Thumb Code    46  rt_cmsis.o(i.isrMessageGet)
    isrMessagePut                            0x0800516b   Thumb Code    48  rt_cmsis.o(i.isrMessagePut)
    isr_mbx_receive                          0x0800519b   Thumb Code    76  rt_mailbox.o(i.isr_mbx_receive)
    isr_mbx_send                             0x080051e7   Thumb Code    12  rt_mailbox.o(i.isr_mbx_send)
    lectura_sensores_verif                   0x080051f5   Thumb Code   206  funciones.o(i.lectura_sensores_verif)
    main                                     0x080052cd   Thumb Code   560  main.o(i.main)
    malloc                                   0x08005519   Thumb Code    92  malloc.o(i.malloc)
    mov_minisumo                             0x08005585   Thumb Code   122  funciones_lion.o(i.mov_minisumo)
    no_oponente                              0x08005605   Thumb Code    94  estrategias_lion.o(i.no_oponente)
    osDelay                                  0x0800566d   Thumb Code    22  rt_cmsis.o(i.osDelay)
    osKernelInitialize                       0x08005689   Thumb Code    36  rt_cmsis.o(i.osKernelInitialize)
    osKernelStart                            0x080056b1   Thumb Code   100  rt_cmsis.o(i.osKernelStart)
    osMessageGet                             0x0800571d   Thumb Code    24  rt_cmsis.o(i.osMessageGet)
    osThreadCreate                           0x08005739   Thumb Code    44  rt_cmsis.o(i.osThreadCreate)
    osThreadExit                             0x0800576d   Thumb Code    14  rt_cmsis.o(i.osThreadExit)
    osThreadTerminate                        0x08005785   Thumb Code    22  rt_cmsis.o(i.osThreadTerminate)
    osTimerCall                              0x080057a1   Thumb Code    10  rt_cmsis.o(i.osTimerCall)
    osTimerThread                            0x080057b1   Thumb Code    38  rt_cmsis.o(i.osTimerThread)
    os_error                                 0x080057dd   Thumb Code     2  rtx_conf_cm.o(i.os_error)
    os_idle_demon                            0x080057df   Thumb Code     2  rtx_conf_cm.o(i.os_idle_demon)
    os_tick_init                             0x080057e1   Thumb Code    32  rt_system.o(i.os_tick_init)
    os_tick_irqack                           0x0800580d   Thumb Code     2  rt_system.o(i.os_tick_irqack)
    pantalla4                                0x08005811   Thumb Code    66  funciones_pantalla.o(i.pantalla4)
    pantalla5                                0x08005875   Thumb Code    50  funciones_pantalla.o(i.pantalla5)
    pantalla6                                0x080058c9   Thumb Code   104  funciones_pantalla.o(i.pantalla6)
    pantalla_APP                             0x0800594d   Thumb Code   144  funciones_pantalla.o(i.pantalla_APP)
    pantalla_RC                              0x08005a09   Thumb Code    58  funciones_pantalla.o(i.pantalla_RC)
    pantalla_inicial                         0x08005a5d   Thumb Code   158  funciones_pantalla.o(i.pantalla_inicial)
    pinMode                                  0x08005b11   Thumb Code    56  funciones_lion.o(i.pinMode)
    rt_alloc_box                             0x08005b49   Thumb Code    30  rt_membox.o(i.rt_alloc_box)
    rt_alloc_mem                             0x08005b67   Thumb Code    66  rt_memory.o(i.rt_alloc_mem)
    rt_block                                 0x08005ba9   Thumb Code    42  rt_task.o(i.rt_block)
    rt_chk_robin                             0x08005be1   Thumb Code    56  rt_robin.o(i.rt_chk_robin)
    rt_dec_dly                               0x08005c25   Thumb Code   108  rt_list.o(i.rt_dec_dly)
    rt_dispatch                              0x08005c99   Thumb Code    56  rt_task.o(i.rt_dispatch)
    rt_dly_wait                              0x08005cd9   Thumb Code    10  rt_time.o(i.rt_dly_wait)
    rt_evt_psh                               0x08005ce5   Thumb Code    74  rt_event.o(i.rt_evt_psh)
    rt_free_box                              0x08005d35   Thumb Code    38  rt_membox.o(i.rt_free_box)
    rt_free_mem                              0x08005d5b   Thumb Code    48  rt_memory.o(i.rt_free_mem)
    rt_get_first                             0x08005d8b   Thumb Code    42  rt_list.o(i.rt_get_first)
    rt_init_mem                              0x08005e05   Thumb Code    28  rt_memory.o(i.rt_init_mem)
    rt_init_robin                            0x08005e21   Thumb Code    14  rt_robin.o(i.rt_init_robin)
    rt_init_stack                            0x08005e39   Thumb Code   106  hal_cm.o(i.rt_init_stack)
    rt_mbx_check                             0x08005eb1   Thumb Code     8  rt_mailbox.o(i.rt_mbx_check)
    rt_mbx_init                              0x08005eb9   Thumb Code    30  rt_mailbox.o(i.rt_mbx_init)
    rt_mbx_psh                               0x08005edd   Thumb Code   204  rt_mailbox.o(i.rt_mbx_psh)
    rt_mbx_wait                              0x08005fad   Thumb Code   170  rt_mailbox.o(i.rt_mbx_wait)
    rt_pop_req                               0x080060a1   Thumb Code   100  rt_system.o(i.rt_pop_req)
    rt_psh_req                               0x08006111   Thumb Code    24  rt_system.o(i.rt_psh_req)
    rt_psq_enq                               0x08006131   Thumb Code    60  rt_list.o(i.rt_psq_enq)
    rt_put_dly                               0x08006171   Thumb Code    74  rt_list.o(i.rt_put_dly)
    rt_put_prio                              0x080061c1   Thumb Code    60  rt_list.o(i.rt_put_prio)
    rt_put_rdy_first                         0x080061fd   Thumb Code    14  rt_list.o(i.rt_put_rdy_first)
    rt_resort_prio                           0x08006211   Thumb Code    44  rt_list.o(i.rt_resort_prio)
    rt_ret_val                               0x08006241   Thumb Code     6  hal_cm.o(i.rt_ret_val)
    rt_ret_val2                              0x08006247   Thumb Code     8  hal_cm.o(i.rt_ret_val2)
    rt_rmv_dly                               0x0800624f   Thumb Code    42  rt_list.o(i.rt_rmv_dly)
    rt_rmv_list                              0x08006279   Thumb Code    46  rt_list.o(i.rt_rmv_list)
    rt_sem_psh                               0x080062ad   Thumb Code    48  rt_semaphore.o(i.rt_sem_psh)
    rt_stk_check                             0x080062e1   Thumb Code    30  rt_system.o(i.rt_stk_check)
    rt_switch_req                            0x08006309   Thumb Code    10  rt_task.o(i.rt_switch_req)
    rt_sys_init                              0x08006319   Thumb Code   134  rt_task.o(i.rt_sys_init)
    rt_sys_start                             0x080063e1   Thumb Code    82  rt_task.o(i.rt_sys_start)
    rt_systick                               0x08006445   Thumb Code    48  rt_system.o(i.rt_systick)
    rt_tsk_create                            0x080064cd   Thumb Code   106  rt_task.o(i.rt_tsk_create)
    rt_tsk_delete                            0x08006545   Thumb Code   318  rt_task.o(i.rt_tsk_delete)
    rt_tsk_prio                              0x0800669d   Thumb Code   112  rt_task.o(i.rt_tsk_prio)
    rt_tsk_self                              0x0800671d   Thumb Code    12  rt_task.o(i.rt_tsk_self)
    ssd1306_I2C_Init                         0x0800672d   Thumb Code     8  ssd1306.o(i.ssd1306_I2C_Init)
    ssd1306_I2C_Write                        0x08006739   Thumb Code    26  ssd1306.o(i.ssd1306_I2C_Write)
    ssd1306_I2C_WriteMulti                   0x08006759   Thumb Code    66  ssd1306.o(i.ssd1306_I2C_WriteMulti)
    svcDelay                                 0x080067a1   Thumb Code    18  rt_cmsis.o(i.svcDelay)
    svcKernelInitialize                      0x080067b5   Thumb Code    86  rt_cmsis.o(i.svcKernelInitialize)
    svcKernelStart                           0x0800682d   Thumb Code    66  rt_cmsis.o(i.svcKernelStart)
    svcMessageCreate                         0x08006879   Thumb Code    42  rt_cmsis.o(i.svcMessageCreate)
    svcMessageGet                            0x080068a3   Thumb Code    60  rt_cmsis.o(i.svcMessageGet)
    svcThreadCreate                          0x080068e1   Thumb Code   102  rt_cmsis.o(i.svcThreadCreate)
    svcThreadGetId                           0x08006955   Thumb Code    22  rt_cmsis.o(i.svcThreadGetId)
    svcThreadTerminate                       0x08006971   Thumb Code    56  rt_cmsis.o(i.svcThreadTerminate)
    svcTimerCall                             0x080069ad   Thumb Code    28  rt_cmsis.o(i.svcTimerCall)
    sysTimerTick                             0x080069c9   Thumb Code    78  rt_cmsis.o(i.sysTimerTick)
    verif_sensores                           0x08006a21   Thumb Code   780  funciones_pantalla.o(i.verif_sensores)
    os_thread_def_TControl                   0x08006dac   Data          16  t_control_1.o(.constdata)
    os_thread_def_TPantalla                  0x08006dbc   Data          16  t_pantalla.o(.constdata)
    os_thread_def_TPiso                      0x08006dcc   Data          16  t_piso.o(.constdata)
    os_thread_def_TSensores                  0x08006ddc   Data          16  t_sensores.o(.constdata)
    os_thread_def_TMotores                   0x08006dec   Data          16  t_motores.o(.constdata)
    Font7x10                                 0x08006dfc   Data        1900  fonts.o(.constdata)
    AHBPrescTable                            0x08007568   Data          16  system_stm32f0xx.o(.constdata)
    APBPrescTable                            0x08007578   Data           8  system_stm32f0xx.o(.constdata)
    os_maxtaskrun                            0x08007580   Data           2  rtx_conf_cm.o(.constdata)
    os_stackinfo                             0x08007584   Data           4  rtx_conf_cm.o(.constdata)
    os_rrobin                                0x08007588   Data           4  rtx_conf_cm.o(.constdata)
    os_trv                                   0x0800758c   Data           4  rtx_conf_cm.o(.constdata)
    os_flags                                 0x08007590   Data           1  rtx_conf_cm.o(.constdata)
    CMSIS_RTOS_API_Version                   0x08007594   Data           4  rtx_conf_cm.o(.constdata)
    CMSIS_RTOS_RTX_Version                   0x08007598   Data           4  rtx_conf_cm.o(.constdata)
    os_clockrate                             0x0800759c   Data           4  rtx_conf_cm.o(.constdata)
    os_timernum                              0x080075a0   Data           4  rtx_conf_cm.o(.constdata)
    os_thread_def_main                       0x080075a4   Data          16  rtx_conf_cm.o(.constdata)
    mp_tcb_size                              0x080075b4   Data           2  rtx_conf_cm.o(.constdata)
    mp_stk_size                              0x080075b8   Data           4  rtx_conf_cm.o(.constdata)
    os_stack_sz                              0x080075bc   Data           4  rtx_conf_cm.o(.constdata)
    os_fifo_size                             0x080075c0   Data           1  rtx_conf_cm.o(.constdata)
    os_thread_def_osTimerThread              0x080075c4   Data          16  rtx_conf_cm.o(.constdata)
    os_messageQ_def_osTimerMessageQ          0x080075d4   Data           8  rtx_conf_cm.o(.constdata)
    mp_tmr_size                              0x080075dc   Data           2  rtx_conf_cm.o(.constdata)
    Region$$Table$$Base                      0x080075e0   Number         0  anon$$obj.o(Region$$Table)
    Region$$Table$$Limit                     0x08007600   Number         0  anon$$obj.o(Region$$Table)
    tid_TControl                             0x20000000   Data           4  t_control_1.o(.data)
    tid_TPantalla                            0x20000004   Data           4  t_pantalla.o(.data)
    tid_TPiso                                0x20000008   Data           4  t_piso.o(.data)
    tid_TSensores                            0x2000000c   Data           4  t_sensores.o(.data)
    tid_TMotores                             0x20000010   Data           4  t_motores.o(.data)
    startAddress                             0x20000014   Data           4  flash.o(.data)
    sise_stup                                0x20000018   Data           4  flash.o(.data)
    Font_7x10                                0x2000001c   Data           8  fonts.o(.data)
    uwTick                                   0x2000002c   Data           4  stm32f0xx_hal.o(.data)
    SystemCoreClock                          0x20000030   Data           4  system_stm32f0xx.o(.data)
    m_tmr                                    0x20000034   Data           4  rtx_conf_cm.o(.data)
    osThreadId_osTimerThread                 0x20000038   Data           4  rtx_conf_cm.o(.data)
    osMessageQId_osTimerMessageQ             0x2000003c   Data           4  rtx_conf_cm.o(.data)
    os_initialized                           0x20000040   Data           1  rt_cmsis.o(.data)
    os_running                               0x20000041   Data           1  rt_cmsis.o(.data)
    os_timer_head                            0x20000044   Data           4  rt_cmsis.o(.data)
    os_tsk                                   0x20000048   Data           8  rt_task.o(.data)
    os_tick_irqn                             0x20000054   Data           4  rt_system.o(.data)
    os_time                                  0x20000058   Data           4  rt_time.o(.data)
    os_robin                                 0x2000005c   Data           8  rt_robin.o(.data)
    __microlib_freelist                      0x20000064   Data           4  mvars.o(.data)
    __microlib_freelist_initialised          0x20000068   Data           4  mvars.o(.data)
    v_flash                                  0x2000006c   Data         152  flash.o(.bss)
    hi2c1                                    0x20000504   Data          76  i2c.o(.bss)
    htim2                                    0x20000550   Data          64  tim.o(.bss)
    huart1                                   0x20000590   Data         112  usart.o(.bss)
    str                                      0x20000600   Data         648  main.o(.bss)
    pFlash                                   0x20000888   Data          32  stm32f0xx_hal_flash.o(.bss)
    os_messageQ_q_osTimerMessageQ            0x200008a8   Data          32  rtx_conf_cm.o(.bss)
    mp_tcb                                   0x200008c8   Data         324  rtx_conf_cm.o(.bss)
    mp_stk                                   0x20000a10   Data        1616  rtx_conf_cm.o(.bss)
    os_stack_mem                             0x20001060   Data         552  rtx_conf_cm.o(.bss)
    os_fifo                                  0x20001288   Data         132  rtx_conf_cm.o(.bss)
    os_active_TCB                            0x2000130c   Data          24  rtx_conf_cm.o(.bss)
    os_idle_TCB                              0x20001324   Data          52  rt_task.o(.bss)
    os_rdy                                   0x20001358   Data          24  rt_list.o(.bss)
    os_dly                                   0x20001370   Data          24  rt_list.o(.bss)
    __heap_base                              0x20001388   Data           0  startup_stm32f042x6.o(HEAP)
    __heap_limit                             0x200014d8   Data           0  startup_stm32f042x6.o(HEAP)
    __initial_sp                             0x200016d8   Data           0  startup_stm32f042x6.o(STACK)



==============================================================================

Memory Map of the image

  Image Entry point : 0x080000c1

  Load Region LR_IROM1 (Base: 0x08000000, Size: 0x0000766c, Max: 0x00008000, ABSOLUTE)

    Execution Region ER_IROM1 (Exec base: 0x08000000, Load base: 0x08000000, Size: 0x00007600, Max: 0x00008000, ABSOLUTE)

    Exec Addr    Load Addr    Size         Type   Attr      Idx    E Section Name        Object

    0x08000000   0x08000000   0x000000c0   Data   RO            3    RESET               startup_stm32f042x6.o
    0x080000c0   0x080000c0   0x00000000   Code   RO         5197  * .ARM.Collect$$$$00000000  mc_p.l(entry.o)
    0x080000c0   0x080000c0   0x00000004   Code   RO         5513    .ARM.Collect$$$$00000001  mc_p.l(entry2.o)
    0x080000c4   0x080000c4   0x00000004   Code   RO         5516    .ARM.Collect$$$$00000004  mc_p.l(entry5.o)
    0x080000c8   0x080000c8   0x00000000   Code   RO         5518    .ARM.Collect$$$$00000008  mc_p.l(entry7b.o)
    0x080000c8   0x080000c8   0x00000000   Code   RO         5520    .ARM.Collect$$$$0000000A  mc_p.l(entry8b.o)
    0x080000c8   0x080000c8   0x00000004   Code   RO         5526    .ARM.Collect$$$$0000000E  mc_p.l(entry12b.o)
    0x080000cc   0x080000cc   0x00000000   Code   RO         5521    .ARM.Collect$$$$0000000F  mc_p.l(entry10a.o)
    0x080000cc   0x080000cc   0x00000000   Code   RO         5523    .ARM.Collect$$$$00000011  mc_p.l(entry11a.o)
    0x080000cc   0x080000cc   0x00000018   Code   RO         3954    .ARM.Collect$$$$000000FF  rtx_conf_cm.o
    0x080000e4   0x080000e4   0x00000004   Code   RO         5514    .ARM.Collect$$$$00002712  mc_p.l(entry2.o)
    0x080000e8   0x080000e8   0x00000164   Code   RO         5184    .emb_text           RTX_CM0.lib(hal_cm0.o)
    0x0800024c   0x0800024c   0x00000058   Code   RO            4    .text               startup_stm32f042x6.o
    0x080002a4   0x080002a4   0x0000002c   Code   RO         5200    .text               mc_p.l(uidiv.o)
    0x080002d0   0x080002d0   0x00000028   Code   RO         5202    .text               mc_p.l(idiv.o)
    0x080002f8   0x080002f8   0x00000022   Code   RO         5206    .text               mc_p.l(llushr.o)
    0x0800031a   0x0800031a   0x00000024   Code   RO         5208    .text               mc_p.l(memseta.o)
    0x0800033e   0x0800033e   0x000000b2   Code   RO         5501    .text               mf_p.l(fadd.o)
    0x080003f0   0x080003f0   0x0000007a   Code   RO         5503    .text               mf_p.l(fmul.o)
    0x0800046a   0x0800046a   0x0000007c   Code   RO         5505    .text               mf_p.l(fdiv.o)
    0x080004e6   0x080004e6   0x00000018   Code   RO         5507    .text               mf_p.l(fscalb.o)
    0x080004fe   0x080004fe   0x00000016   Code   RO         5509    .text               mf_p.l(fflti.o)
    0x08000514   0x08000514   0x00000032   Code   RO         5511    .text               mf_p.l(ffixi.o)
    0x08000546   0x08000546   0x00000000   Code   RO         5538    .text               mc_p.l(iusefp.o)
    0x08000546   0x08000546   0x00000082   Code   RO         5539    .text               mf_p.l(fepilogue.o)
    0x080005c8   0x080005c8   0x00000024   Code   RO         5551    .text               mc_p.l(init.o)
    0x080005ec   0x080005ec   0x00000004   Code   RO         5194    SVC_TABLE           RTX_CM0.lib(svc_table.o)
    0x080005f0   0x080005f0   0x000000a0   Code   RO          478    i.Comprobar_sensores  funciones.o
    0x08000690   0x08000690   0x00000098   Code   RO          544    i.Control_Motores   funciones_lion.o
    0x08000728   0x08000728   0x00000088   Code   RO          545    i.Detectar_Ubicacion  funciones_lion.o
    0x080007b0   0x080007b0   0x00000010   Code   RO          197    i.End_TPantalla     t_pantalla.o
    0x080007c0   0x080007c0   0x00000020   Code   RO         3752    i.FLASH_Program_HalfWord  stm32f0xx_hal_flash.o
    0x080007e0   0x080007e0   0x00000038   Code   RO         3753    i.FLASH_SetErrorCode  stm32f0xx_hal_flash.o
    0x08000818   0x08000818   0x00000050   Code   RO         3754    i.FLASH_WaitForLastOperation  stm32f0xx_hal_flash.o
    0x08000868   0x08000868   0x00000048   Code   RO         3411    i.HAL_DMA_Abort_IT  stm32f0xx_hal_dma.o
    0x080008b0   0x080008b0   0x00000014   Code   RO         3758    i.HAL_FLASH_Lock    stm32f0xx_hal_flash.o
    0x080008c4   0x080008c4   0x0000007c   Code   RO         3763    i.HAL_FLASH_Program  stm32f0xx_hal_flash.o
    0x08000940   0x08000940   0x00000028   Code   RO         3765    i.HAL_FLASH_Unlock  stm32f0xx_hal_flash.o
    0x08000968   0x08000968   0x0000013c   Code   RO         3349    i.HAL_GPIO_Init     stm32f0xx_hal_gpio.o
    0x08000aa4   0x08000aa4   0x0000000a   Code   RO         3351    i.HAL_GPIO_ReadPin  stm32f0xx_hal_gpio.o
    0x08000aae   0x08000aae   0x0000000c   Code   RO         3353    i.HAL_GPIO_WritePin  stm32f0xx_hal_gpio.o
    0x08000aba   0x08000aba   0x00000002   PAD
    0x08000abc   0x08000abc   0x0000000c   Code   RO         3218    i.HAL_GetTick       stm32f0xx_hal.o
    0x08000ac8   0x08000ac8   0x0000004a   Code   RO         1707    i.HAL_I2CEx_ConfigAnalogFilter  stm32f0xx_hal_i2c_ex.o
    0x08000b12   0x08000b12   0x00000048   Code   RO         1708    i.HAL_I2CEx_ConfigDigitalFilter  stm32f0xx_hal_i2c_ex.o
    0x08000b5a   0x08000b5a   0x00000002   PAD
    0x08000b5c   0x08000b5c   0x000000b4   Code   RO         1294    i.HAL_I2C_Init      stm32f0xx_hal_i2c.o
    0x08000c10   0x08000c10   0x0000011c   Code   RO         1295    i.HAL_I2C_IsDeviceReady  stm32f0xx_hal_i2c.o
    0x08000d2c   0x08000d2c   0x00000118   Code   RO         1305    i.HAL_I2C_Master_Transmit  stm32f0xx_hal_i2c.o
    0x08000e44   0x08000e44   0x00000060   Code   RO          883    i.HAL_I2C_MspInit   i2c.o
    0x08000ea4   0x08000ea4   0x00000020   Code   RO         3223    i.HAL_Init          stm32f0xx_hal.o
    0x08000ec4   0x08000ec4   0x00000022   Code   RO         3224    i.HAL_InitTick      stm32f0xx_hal.o
    0x08000ee6   0x08000ee6   0x00000002   PAD
    0x08000ee8   0x08000ee8   0x00000028   Code   RO         1015    i.HAL_MspInit       stm32f0xx_hal_msp.o
    0x08000f10   0x08000f10   0x00000014   Code   RO         3506    i.HAL_NVIC_EnableIRQ  stm32f0xx_hal_cortex.o
    0x08000f24   0x08000f24   0x00000008   Code   RO         3510    i.HAL_NVIC_SetPriority  stm32f0xx_hal_cortex.o
    0x08000f2c   0x08000f2c   0x0000010c   Code   RO         3134    i.HAL_RCCEx_PeriphCLKConfig  stm32f0xx_hal_rcc_ex.o
    0x08001038   0x08001038   0x00000154   Code   RO         3032    i.HAL_RCC_ClockConfig  stm32f0xx_hal_rcc.o
    0x0800118c   0x0800118c   0x0000000c   Code   RO         3037    i.HAL_RCC_GetHCLKFreq  stm32f0xx_hal_rcc.o
    0x08001198   0x08001198   0x00000020   Code   RO         3039    i.HAL_RCC_GetPCLK1Freq  stm32f0xx_hal_rcc.o
    0x080011b8   0x080011b8   0x00000088   Code   RO         3040    i.HAL_RCC_GetSysClockFreq  stm32f0xx_hal_rcc.o
    0x08001240   0x08001240   0x000003d8   Code   RO         3043    i.HAL_RCC_OscConfig  stm32f0xx_hal_rcc.o
    0x08001618   0x08001618   0x00000030   Code   RO         3514    i.HAL_SYSTICK_Config  stm32f0xx_hal_cortex.o
    0x08001648   0x08001648   0x00000048   Code   RO         2413    i.HAL_TIMEx_MasterConfigSynchronization  stm32f0xx_hal_tim_ex.o
    0x08001690   0x08001690   0x00000018   Code   RO         1762    i.HAL_TIM_Base_Start  stm32f0xx_hal_tim.o
    0x080016a8   0x080016a8   0x0000004c   Code   RO          915    i.HAL_TIM_MspPostInit  tim.o
    0x080016f4   0x080016f4   0x000000d0   Code   RO         1827    i.HAL_TIM_PWM_ConfigChannel  stm32f0xx_hal_tim.o
    0x080017c4   0x080017c4   0x00000034   Code   RO         1830    i.HAL_TIM_PWM_Init  stm32f0xx_hal_tim.o
    0x080017f8   0x080017f8   0x00000024   Code   RO          916    i.HAL_TIM_PWM_MspInit  tim.o
    0x0800181c   0x0800181c   0x00000044   Code   RO         1834    i.HAL_TIM_PWM_Start  stm32f0xx_hal_tim.o
    0x08001860   0x08001860   0x00000002   Code   RO         2976    i.HAL_UARTEx_WakeupCallback  stm32f0xx_hal_uart_ex.o
    0x08001862   0x08001862   0x00000002   Code   RO         2651    i.HAL_UART_ErrorCallback  stm32f0xx_hal_uart.o
    0x08001864   0x08001864   0x00000134   Code   RO         2654    i.HAL_UART_IRQHandler  stm32f0xx_hal_uart.o
    0x08001998   0x08001998   0x0000006c   Code   RO         2655    i.HAL_UART_Init     stm32f0xx_hal_uart.o
    0x08001a04   0x08001a04   0x00000070   Code   RO          953    i.HAL_UART_MspInit  usart.o
    0x08001a74   0x08001a74   0x000000a0   Code   RO         2660    i.HAL_UART_Receive_IT  stm32f0xx_hal_uart.o
    0x08001b14   0x08001b14   0x00000002   Code   RO         2661    i.HAL_UART_RxCpltCallback  stm32f0xx_hal_uart.o
    0x08001b16   0x08001b16   0x000000c8   Code   RO         2663    i.HAL_UART_Transmit  stm32f0xx_hal_uart.o
    0x08001bde   0x08001bde   0x00000002   Code   RO         2666    i.HAL_UART_TxCpltCallback  stm32f0xx_hal_uart.o
    0x08001be0   0x08001be0   0x00000002   Code   RO          985    i.HardFault_Handler  stm32f0xx_it.o
    0x08001be2   0x08001be2   0x00000022   Code   RO         1336    i.I2C_Flush_TXDR    stm32f0xx_hal_i2c.o
    0x08001c04   0x08001c04   0x00000074   Code   RO         1344    i.I2C_IsAcknowledgeFailed  stm32f0xx_hal_i2c.o
    0x08001c78   0x08001c78   0x00000024   Code   RO         1351    i.I2C_TransferConfig  stm32f0xx_hal_i2c.o
    0x08001c9c   0x08001c9c   0x00000048   Code   RO         1352    i.I2C_WaitOnFlagUntilTimeout  stm32f0xx_hal_i2c.o
    0x08001ce4   0x08001ce4   0x0000004e   Code   RO         1354    i.I2C_WaitOnSTOPFlagUntilTimeout  stm32f0xx_hal_i2c.o
    0x08001d32   0x08001d32   0x00000052   Code   RO         1355    i.I2C_WaitOnTXISFlagUntilTimeout  stm32f0xx_hal_i2c.o
    0x08001d84   0x08001d84   0x00000024   Code   RO           12    i.Init_TControl     t_control_1.o
    0x08001da8   0x08001da8   0x00000024   Code   RO          303    i.Init_TMotores     t_motores.o
    0x08001dcc   0x08001dcc   0x00000024   Code   RO          198    i.Init_TPantalla    t_pantalla.o
    0x08001df0   0x08001df0   0x00000024   Code   RO          237    i.Init_TPiso        t_piso.o
    0x08001e14   0x08001e14   0x00000024   Code   RO          270    i.Init_TSensores    t_sensores.o
    0x08001e38   0x08001e38   0x0000003c   Code   RO          656    i.Init_buttons      iniciar_pines_lion.o
    0x08001e74   0x08001e74   0x0000006c   Code   RO          657    i.Init_sensors      iniciar_pines_lion.o
    0x08001ee0   0x08001ee0   0x00000068   Code   RO          479    i.Lectura_botones   funciones.o
    0x08001f48   0x08001f48   0x00000020   Code   RO          434    i.MC_Load_Setup     flash.o
    0x08001f68   0x08001f68   0x0000001c   Code   RO          436    i.MC_Write_Setup    flash.o
    0x08001f84   0x08001f84   0x00000038   Code   RO          831    i.MX_GPIO_Init      gpio.o
    0x08001fbc   0x08001fbc   0x00000048   Code   RO          884    i.MX_I2C1_Init      i2c.o
    0x08002004   0x08002004   0x0000007c   Code   RO          917    i.MX_TIM2_Init      tim.o
    0x08002080   0x08002080   0x00000030   Code   RO          954    i.MX_USART1_UART_Init  usart.o
    0x080020b0   0x080020b0   0x00000002   Code   RO          986    i.NMI_Handler       stm32f0xx_it.o
    0x080020b2   0x080020b2   0x00000002   PAD
    0x080020b4   0x080020b4   0x00000044   Code   RO         3516    i.NVIC_SetPriority  stm32f0xx_hal_cortex.o
    0x080020f8   0x080020f8   0x00000106   Code   RO          720    i.SSD1306_DrawCircle  ssd1306.o
    0x080021fe   0x080021fe   0x000000fe   Code   RO          721    i.SSD1306_DrawFilledCircle  ssd1306.o
    0x080022fc   0x080022fc   0x0000004e   Code   RO          722    i.SSD1306_DrawFilledRectangle  ssd1306.o
    0x0800234a   0x0800234a   0x000000be   Code   RO          723    i.SSD1306_DrawFilledTriangle  ssd1306.o
    0x08002408   0x08002408   0x00000110   Code   RO          724    i.SSD1306_DrawLine  ssd1306.o
    0x08002518   0x08002518   0x00000044   Code   RO          725    i.SSD1306_DrawPixel  ssd1306.o
    0x0800255c   0x0800255c   0x0000006c   Code   RO          726    i.SSD1306_DrawRectangle  ssd1306.o
    0x080025c8   0x080025c8   0x0000001c   Code   RO          727    i.SSD1306_Fill      ssd1306.o
    0x080025e4   0x080025e4   0x0000000c   Code   RO          728    i.SSD1306_GotoXY    ssd1306.o
    0x080025f0   0x080025f0   0x00000164   Code   RO          729    i.SSD1306_Init      ssd1306.o
    0x08002754   0x08002754   0x00000090   Code   RO          730    i.SSD1306_Putc      ssd1306.o
    0x080027e4   0x080027e4   0x00000028   Code   RO          731    i.SSD1306_Puts      ssd1306.o
    0x0800280c   0x0800280c   0x00000044   Code   RO          732    i.SSD1306_UpdateScreen  ssd1306.o
    0x08002850   0x08002850   0x0000005e   Code   RO         1035    i.SystemClock_Config  main.o
    0x080028ae   0x080028ae   0x00000002   PAD
    0x080028b0   0x080028b0   0x0000005c   Code   RO         3923    i.SystemInit        system_stm32f0xx.o
    0x0800290c   0x0800290c   0x00000158   Code   RO           13    i.TControl          t_control_1.o
    0x08002a64   0x08002a64   0x00000084   Code   RO         1845    i.TIM_Base_SetConfig  stm32f0xx_hal_tim.o
    0x08002ae8   0x08002ae8   0x00000016   Code   RO         1846    i.TIM_CCxChannelCmd  stm32f0xx_hal_tim.o
    0x08002afe   0x08002afe   0x00000002   PAD
    0x08002b00   0x08002b00   0x00000078   Code   RO         1854    i.TIM_OC1_SetConfig  stm32f0xx_hal_tim.o
    0x08002b78   0x08002b78   0x00000074   Code   RO         1855    i.TIM_OC2_SetConfig  stm32f0xx_hal_tim.o
    0x08002bec   0x08002bec   0x00000078   Code   RO         1856    i.TIM_OC3_SetConfig  stm32f0xx_hal_tim.o
    0x08002c64   0x08002c64   0x00000060   Code   RO         1857    i.TIM_OC4_SetConfig  stm32f0xx_hal_tim.o
    0x08002cc4   0x08002cc4   0x0000007c   Code   RO          304    i.TMotores          t_motores.o
    0x08002d40   0x08002d40   0x000000ac   Code   RO          199    i.TPantalla         t_pantalla.o
    0x08002dec   0x08002dec   0x000002d0   Code   RO          238    i.TPiso             t_piso.o
    0x080030bc   0x080030bc   0x0000007c   Code   RO          271    i.TSensores         t_sensores.o
    0x08003138   0x08003138   0x000000ca   Code   RO         2668    i.UART_AdvFeatureConfig  stm32f0xx_hal_uart.o
    0x08003202   0x08003202   0x00000002   PAD
    0x08003204   0x08003204   0x00000068   Code   RO         2669    i.UART_CheckIdleState  stm32f0xx_hal_uart.o
    0x0800326c   0x0800326c   0x00000014   Code   RO         2670    i.UART_DMAAbortOnError  stm32f0xx_hal_uart.o
    0x08003280   0x08003280   0x0000001e   Code   RO         2680    i.UART_EndRxTransfer  stm32f0xx_hal_uart.o
    0x0800329e   0x0800329e   0x0000001a   Code   RO         2681    i.UART_EndTransmit_IT  stm32f0xx_hal_uart.o
    0x080032b8   0x080032b8   0x0000007a   Code   RO         2683    i.UART_Receive_IT   stm32f0xx_hal_uart.o
    0x08003332   0x08003332   0x00000002   PAD
    0x08003334   0x08003334   0x00000130   Code   RO         2684    i.UART_SetConfig    stm32f0xx_hal_uart.o
    0x08003464   0x08003464   0x00000066   Code   RO         2685    i.UART_Transmit_IT  stm32f0xx_hal_uart.o
    0x080034ca   0x080034ca   0x00000062   Code   RO         2686    i.UART_WaitOnFlagUntilTimeout  stm32f0xx_hal_uart.o
    0x0800352c   0x0800352c   0x00000018   Code   RO          480    i.USART1_IRQHandler  funciones.o
    0x08003544   0x08003544   0x00000028   Code   RO         5259    i.__0sprintf$1      mc_p.l(printf1.o)
    0x0800356c   0x0800356c   0x0000001a   Code   RO          420    i.__ARM_common_switch8  estrategias_lion.o
    0x08003586   0x08003586   0x0000000e   Code   RO         5563    i.__scatterload_copy  mc_p.l(handlers.o)
    0x08003594   0x08003594   0x00000002   Code   RO         5564    i.__scatterload_null  mc_p.l(handlers.o)
    0x08003596   0x08003596   0x0000000e   Code   RO         5565    i.__scatterload_zeroinit  mc_p.l(handlers.o)
    0x080035a4   0x080035a4   0x00000048   Code   RO         5086    i._init_box         RTX_CM0.lib(rt_membox.o)
    0x080035ec   0x080035ec   0x00000150   Code   RO         5264    i._printf_core      mc_p.l(printf1.o)
    0x0800373c   0x0800373c   0x0000000a   Code   RO         5266    i._sputc            mc_p.l(printf1.o)
    0x08003746   0x08003746   0x00000002   PAD
    0x08003748   0x08003748   0x00000b50   Code   RO          481    i.bluetooth         funciones.o
    0x08004298   0x08004298   0x00000134   Code   RO          482    i.bluetooth_RC      funciones.o
    0x080043cc   0x080043cc   0x00000184   Code   RO          483    i.check_sensor      funciones.o
    0x08004550   0x08004550   0x00000120   Code   RO          333    i.control_busqueda  estrategias_lion.o
    0x08004670   0x08004670   0x00000158   Code   RO          334    i.detecta_linea     estrategias_lion.o
    0x080047c8   0x080047c8   0x00000088   Code   RO          335    i.estrategia_1      estrategias_lion.o
    0x08004850   0x08004850   0x00000048   Code   RO          336    i.estrategia_2      estrategias_lion.o
    0x08004898   0x08004898   0x00000094   Code   RO          337    i.estrategia_3      estrategias_lion.o
    0x0800492c   0x0800492c   0x00000094   Code   RO          338    i.estrategia_4      estrategias_lion.o
    0x080049c0   0x080049c0   0x00000050   Code   RO          339    i.estrategia_5      estrategias_lion.o
    0x08004a10   0x08004a10   0x00000050   Code   RO          340    i.estrategia_6      estrategias_lion.o
    0x08004a60   0x08004a60   0x000000f4   Code   RO          341    i.estrategia_7      estrategias_lion.o
    0x08004b54   0x08004b54   0x000000f4   Code   RO          342    i.estrategia_8      estrategias_lion.o
    0x08004c48   0x08004c48   0x00000024   Code   RO          343    i.estrategia_9      estrategias_lion.o
    0x08004c6c   0x08004c6c   0x0000005c   Code   RO          344    i.estrategias_ex    estrategias_lion.o
    0x08004cc8   0x08004cc8   0x000003f4   Code   RO          582    i.estrategias_pantalla  funciones_pantalla.o
    0x080050bc   0x080050bc   0x0000002c   Code   RO          583    i.fight             funciones_pantalla.o
    0x080050e8   0x080050e8   0x00000054   Code   RO         5473    i.free              mc_p.l(malloc.o)
    0x0800513c   0x0800513c   0x0000002e   Code   RO         4014    i.isrMessageGet     RTX_CM0.lib(rt_cmsis.o)
    0x0800516a   0x0800516a   0x00000030   Code   RO         4015    i.isrMessagePut     RTX_CM0.lib(rt_cmsis.o)
    0x0800519a   0x0800519a   0x0000004c   Code   RO         4932    i.isr_mbx_receive   RTX_CM0.lib(rt_mailbox.o)
    0x080051e6   0x080051e6   0x0000000c   Code   RO         4933    i.isr_mbx_send      RTX_CM0.lib(rt_mailbox.o)
    0x080051f2   0x080051f2   0x00000002   PAD
    0x080051f4   0x080051f4   0x000000d8   Code   RO          484    i.lectura_sensores_verif  funciones.o
    0x080052cc   0x080052cc   0x0000024c   Code   RO         1036    i.main              main.o
    0x08005518   0x08005518   0x0000006c   Code   RO         5474    i.malloc            mc_p.l(malloc.o)
    0x08005584   0x08005584   0x00000080   Code   RO          546    i.mov_minisumo      funciones_lion.o
    0x08005604   0x08005604   0x00000068   Code   RO          345    i.no_oponente       estrategias_lion.o
    0x0800566c   0x0800566c   0x0000001c   Code   RO         4018    i.osDelay           RTX_CM0.lib(rt_cmsis.o)
    0x08005688   0x08005688   0x00000028   Code   RO         4019    i.osKernelInitialize  RTX_CM0.lib(rt_cmsis.o)
    0x080056b0   0x080056b0   0x0000006c   Code   RO         4021    i.osKernelStart     RTX_CM0.lib(rt_cmsis.o)
    0x0800571c   0x0800571c   0x0000001c   Code   RO         4030    i.osMessageGet      RTX_CM0.lib(rt_cmsis.o)
    0x08005738   0x08005738   0x00000034   Code   RO         4047    i.osThreadCreate    RTX_CM0.lib(rt_cmsis.o)
    0x0800576c   0x0800576c   0x00000018   Code   RO         4048    i.osThreadExit      RTX_CM0.lib(rt_cmsis.o)
    0x08005784   0x08005784   0x0000001c   Code   RO         4052    i.osThreadTerminate  RTX_CM0.lib(rt_cmsis.o)
    0x080057a0   0x080057a0   0x00000010   Code   RO         4054    i.osTimerCall       RTX_CM0.lib(rt_cmsis.o)
    0x080057b0   0x080057b0   0x0000002c   Code   RO         4059    i.osTimerThread     RTX_CM0.lib(rt_cmsis.o)
    0x080057dc   0x080057dc   0x00000002   Code   RO         3955    i.os_error          rtx_conf_cm.o
    0x080057de   0x080057de   0x00000002   Code   RO         3956    i.os_idle_demon     rtx_conf_cm.o
    0x080057e0   0x080057e0   0x0000002c   Code   RO         4720    i.os_tick_init      RTX_CM0.lib(rt_system.o)
    0x0800580c   0x0800580c   0x00000002   Code   RO         4721    i.os_tick_irqack    RTX_CM0.lib(rt_system.o)
    0x0800580e   0x0800580e   0x00000002   PAD
    0x08005810   0x08005810   0x00000064   Code   RO          584    i.pantalla4         funciones_pantalla.o
    0x08005874   0x08005874   0x00000054   Code   RO          585    i.pantalla5         funciones_pantalla.o
    0x080058c8   0x080058c8   0x00000084   Code   RO          586    i.pantalla6         funciones_pantalla.o
    0x0800594c   0x0800594c   0x000000bc   Code   RO          587    i.pantalla_APP      funciones_pantalla.o
    0x08005a08   0x08005a08   0x00000054   Code   RO          588    i.pantalla_RC       funciones_pantalla.o
    0x08005a5c   0x08005a5c   0x000000b4   Code   RO          589    i.pantalla_inicial  funciones_pantalla.o
    0x08005b10   0x08005b10   0x00000038   Code   RO          547    i.pinMode           funciones_lion.o
    0x08005b48   0x08005b48   0x0000001e   Code   RO         5087    i.rt_alloc_box      RTX_CM0.lib(rt_membox.o)
    0x08005b66   0x08005b66   0x00000042   Code   RO         5115    i.rt_alloc_mem      RTX_CM0.lib(rt_memory.o)
    0x08005ba8   0x08005ba8   0x00000038   Code   RO         4635    i.rt_block          RTX_CM0.lib(rt_task.o)
    0x08005be0   0x08005be0   0x00000044   Code   RO         5163    i.rt_chk_robin      RTX_CM0.lib(rt_robin.o)
    0x08005c24   0x08005c24   0x00000074   Code   RO         4856    i.rt_dec_dly        RTX_CM0.lib(rt_list.o)
    0x08005c98   0x08005c98   0x00000040   Code   RO         4636    i.rt_dispatch       RTX_CM0.lib(rt_task.o)
    0x08005cd8   0x08005cd8   0x0000000a   Code   RO         5022    i.rt_dly_wait       RTX_CM0.lib(rt_time.o)
    0x08005ce2   0x08005ce2   0x00000002   PAD
    0x08005ce4   0x08005ce4   0x00000050   Code   RO         4813    i.rt_evt_psh        RTX_CM0.lib(rt_event.o)
    0x08005d34   0x08005d34   0x00000026   Code   RO         5088    i.rt_free_box       RTX_CM0.lib(rt_membox.o)
    0x08005d5a   0x08005d5a   0x00000030   Code   RO         5116    i.rt_free_mem       RTX_CM0.lib(rt_memory.o)
    0x08005d8a   0x08005d8a   0x0000002a   Code   RO         4857    i.rt_get_first      RTX_CM0.lib(rt_list.o)
    0x08005db4   0x08005db4   0x00000008   Code   RO         4064    i.rt_id2obj         RTX_CM0.lib(rt_cmsis.o)
    0x08005dbc   0x08005dbc   0x00000048   Code   RO         4637    i.rt_init_context   RTX_CM0.lib(rt_task.o)
    0x08005e04   0x08005e04   0x0000001c   Code   RO         5117    i.rt_init_mem       RTX_CM0.lib(rt_memory.o)
    0x08005e20   0x08005e20   0x00000018   Code   RO         5164    i.rt_init_robin     RTX_CM0.lib(rt_robin.o)
    0x08005e38   0x08005e38   0x00000078   Code   RO         5139    i.rt_init_stack     RTX_CM0.lib(hal_cm.o)
    0x08005eb0   0x08005eb0   0x00000008   Code   RO         4934    i.rt_mbx_check      RTX_CM0.lib(rt_mailbox.o)
    0x08005eb8   0x08005eb8   0x00000024   Code   RO         4935    i.rt_mbx_init       RTX_CM0.lib(rt_mailbox.o)
    0x08005edc   0x08005edc   0x000000d0   Code   RO         4936    i.rt_mbx_psh        RTX_CM0.lib(rt_mailbox.o)
    0x08005fac   0x08005fac   0x000000b0   Code   RO         4938    i.rt_mbx_wait       RTX_CM0.lib(rt_mailbox.o)
    0x0800605c   0x0800605c   0x00000044   Code   RO         4065    i.rt_ms2tick        RTX_CM0.lib(rt_cmsis.o)
    0x080060a0   0x080060a0   0x00000070   Code   RO         4724    i.rt_pop_req        RTX_CM0.lib(rt_system.o)
    0x08006110   0x08006110   0x00000020   Code   RO         4725    i.rt_psh_req        RTX_CM0.lib(rt_system.o)
    0x08006130   0x08006130   0x00000040   Code   RO         4859    i.rt_psq_enq        RTX_CM0.lib(rt_list.o)
    0x08006170   0x08006170   0x00000050   Code   RO         4860    i.rt_put_dly        RTX_CM0.lib(rt_list.o)
    0x080061c0   0x080061c0   0x0000003c   Code   RO         4861    i.rt_put_prio       RTX_CM0.lib(rt_list.o)
    0x080061fc   0x080061fc   0x00000014   Code   RO         4862    i.rt_put_rdy_first  RTX_CM0.lib(rt_list.o)
    0x08006210   0x08006210   0x00000030   Code   RO         4863    i.rt_resort_prio    RTX_CM0.lib(rt_list.o)
    0x08006240   0x08006240   0x00000006   Code   RO         5140    i.rt_ret_val        RTX_CM0.lib(hal_cm.o)
    0x08006246   0x08006246   0x00000008   Code   RO         5141    i.rt_ret_val2       RTX_CM0.lib(hal_cm.o)
    0x0800624e   0x0800624e   0x0000002a   Code   RO         4864    i.rt_rmv_dly        RTX_CM0.lib(rt_list.o)
    0x08006278   0x08006278   0x00000034   Code   RO         4865    i.rt_rmv_list       RTX_CM0.lib(rt_list.o)
    0x080062ac   0x080062ac   0x00000034   Code   RO         4983    i.rt_sem_psh        RTX_CM0.lib(rt_semaphore.o)
    0x080062e0   0x080062e0   0x00000028   Code   RO         4727    i.rt_stk_check      RTX_CM0.lib(rt_system.o)
    0x08006308   0x08006308   0x00000010   Code   RO         4638    i.rt_switch_req     RTX_CM0.lib(rt_task.o)
    0x08006318   0x08006318   0x000000c8   Code   RO         4639    i.rt_sys_init       RTX_CM0.lib(rt_task.o)
    0x080063e0   0x080063e0   0x00000064   Code   RO         4640    i.rt_sys_start      RTX_CM0.lib(rt_task.o)
    0x08006444   0x08006444   0x0000003c   Code   RO         4729    i.rt_systick        RTX_CM0.lib(rt_system.o)
    0x08006480   0x08006480   0x00000012   Code   RO         4066    i.rt_tid2ptcb       RTX_CM0.lib(rt_cmsis.o)
    0x08006492   0x08006492   0x00000002   PAD
    0x08006494   0x08006494   0x00000038   Code   RO         4067    i.rt_timer_insert   RTX_CM0.lib(rt_cmsis.o)
    0x080064cc   0x080064cc   0x00000078   Code   RO         4641    i.rt_tsk_create     RTX_CM0.lib(rt_task.o)
    0x08006544   0x08006544   0x00000158   Code   RO         4642    i.rt_tsk_delete     RTX_CM0.lib(rt_task.o)
    0x0800669c   0x0800669c   0x00000080   Code   RO         4644    i.rt_tsk_prio       RTX_CM0.lib(rt_task.o)
    0x0800671c   0x0800671c   0x00000010   Code   RO         4645    i.rt_tsk_self       RTX_CM0.lib(rt_task.o)
    0x0800672c   0x0800672c   0x0000000c   Code   RO          733    i.ssd1306_I2C_Init  ssd1306.o
    0x08006738   0x08006738   0x00000020   Code   RO          734    i.ssd1306_I2C_Write  ssd1306.o
    0x08006758   0x08006758   0x00000048   Code   RO          735    i.ssd1306_I2C_WriteMulti  ssd1306.o
    0x080067a0   0x080067a0   0x00000012   Code   RO         4069    i.svcDelay          RTX_CM0.lib(rt_cmsis.o)
    0x080067b2   0x080067b2   0x00000002   PAD
    0x080067b4   0x080067b4   0x00000078   Code   RO         4070    i.svcKernelInitialize  RTX_CM0.lib(rt_cmsis.o)
    0x0800682c   0x0800682c   0x0000004c   Code   RO         4072    i.svcKernelStart    RTX_CM0.lib(rt_cmsis.o)
    0x08006878   0x08006878   0x0000002a   Code   RO         4075    i.svcMessageCreate  RTX_CM0.lib(rt_cmsis.o)
    0x080068a2   0x080068a2   0x0000003c   Code   RO         4076    i.svcMessageGet     RTX_CM0.lib(rt_cmsis.o)
    0x080068de   0x080068de   0x00000002   PAD
    0x080068e0   0x080068e0   0x00000074   Code   RO         4090    i.svcThreadCreate   RTX_CM0.lib(rt_cmsis.o)
    0x08006954   0x08006954   0x0000001c   Code   RO         4091    i.svcThreadGetId    RTX_CM0.lib(rt_cmsis.o)
    0x08006970   0x08006970   0x0000003c   Code   RO         4094    i.svcThreadTerminate  RTX_CM0.lib(rt_cmsis.o)
    0x080069ac   0x080069ac   0x0000001c   Code   RO         4096    i.svcTimerCall      RTX_CM0.lib(rt_cmsis.o)
    0x080069c8   0x080069c8   0x00000058   Code   RO         4105    i.sysTimerTick      RTX_CM0.lib(rt_cmsis.o)
    0x08006a20   0x08006a20   0x00000310   Code   RO          590    i.verif_sensores    funciones_pantalla.o
    0x08006d30   0x08006d30   0x0000007c   Code   RO          437    i.writeFlash        flash.o
    0x08006dac   0x08006dac   0x00000010   Data   RO           14    .constdata          t_control_1.o
    0x08006dbc   0x08006dbc   0x00000010   Data   RO          200    .constdata          t_pantalla.o
    0x08006dcc   0x08006dcc   0x00000010   Data   RO          239    .constdata          t_piso.o
    0x08006ddc   0x08006ddc   0x00000010   Data   RO          272    .constdata          t_sensores.o
    0x08006dec   0x08006dec   0x00000010   Data   RO          305    .constdata          t_motores.o
    0x08006dfc   0x08006dfc   0x0000076c   Data   RO          693    .constdata          fonts.o
    0x08007568   0x08007568   0x00000010   Data   RO         3924    .constdata          system_stm32f0xx.o
    0x08007578   0x08007578   0x00000008   Data   RO         3925    .constdata          system_stm32f0xx.o
    0x08007580   0x08007580   0x00000002   Data   RO         3963    .constdata          rtx_conf_cm.o
    0x08007582   0x08007582   0x00000002   PAD
    0x08007584   0x08007584   0x00000004   Data   RO         3964    .constdata          rtx_conf_cm.o
    0x08007588   0x08007588   0x00000004   Data   RO         3965    .constdata          rtx_conf_cm.o
    0x0800758c   0x0800758c   0x00000004   Data   RO         3969    .constdata          rtx_conf_cm.o
    0x08007590   0x08007590   0x00000001   Data   RO         3970    .constdata          rtx_conf_cm.o
    0x08007591   0x08007591   0x00000003   PAD
    0x08007594   0x08007594   0x00000020   Data   RO         3971    .constdata          rtx_conf_cm.o
    0x080075b4   0x080075b4   0x00000002   Data   RO         3972    .constdata          rtx_conf_cm.o
    0x080075b6   0x080075b6   0x00000002   PAD
    0x080075b8   0x080075b8   0x00000004   Data   RO         3973    .constdata          rtx_conf_cm.o
    0x080075bc   0x080075bc   0x00000004   Data   RO         3974    .constdata          rtx_conf_cm.o
    0x080075c0   0x080075c0   0x00000001   Data   RO         3975    .constdata          rtx_conf_cm.o
    0x080075c1   0x080075c1   0x00000003   PAD
    0x080075c4   0x080075c4   0x00000010   Data   RO         3976    .constdata          rtx_conf_cm.o
    0x080075d4   0x080075d4   0x00000008   Data   RO         3977    .constdata          rtx_conf_cm.o
    0x080075dc   0x080075dc   0x00000002   Data   RO         3978    .constdata          rtx_conf_cm.o
    0x080075de   0x080075de   0x00000002   PAD
    0x080075e0   0x080075e0   0x00000020   Data   RO         5561    Region$$Table       anon$$obj.o


    Execution Region RW_IRAM1 (Exec base: 0x20000000, Load base: 0x08007600, Size: 0x000016d8, Max: 0x00001800, ABSOLUTE)

    Exec Addr    Load Addr    Size         Type   Attr      Idx    E Section Name        Object

    0x20000000   0x08007600   0x00000004   Data   RW           15    .data               t_control_1.o
    0x20000004   0x08007604   0x00000004   Data   RW          201    .data               t_pantalla.o
    0x20000008   0x08007608   0x00000004   Data   RW          240    .data               t_piso.o
    0x2000000c   0x0800760c   0x00000004   Data   RW          273    .data               t_sensores.o
    0x20000010   0x08007610   0x00000004   Data   RW          306    .data               t_motores.o
    0x20000014   0x08007614   0x00000008   Data   RW          439    .data               flash.o
    0x2000001c   0x0800761c   0x00000008   Data   RW          694    .data               fonts.o
    0x20000024   0x08007624   0x00000006   Data   RW          737    .data               ssd1306.o
    0x2000002a   0x0800762a   0x00000002   PAD
    0x2000002c   0x0800762c   0x00000004   Data   RW         3229    .data               stm32f0xx_hal.o
    0x20000030   0x08007630   0x00000004   Data   RW         3926    .data               system_stm32f0xx.o
    0x20000034   0x08007634   0x00000004   Data   RW         3980    .data               rtx_conf_cm.o
    0x20000038   0x08007638   0x00000004   Data   RW         3981    .data               rtx_conf_cm.o
    0x2000003c   0x0800763c   0x00000004   Data   RW         3982    .data               rtx_conf_cm.o
    0x20000040   0x08007640   0x00000008   Data   RW         4108    .data               RTX_CM0.lib(rt_cmsis.o)
    0x20000048   0x08007648   0x00000008   Data   RW         4647    .data               RTX_CM0.lib(rt_task.o)
    0x20000050   0x08007650   0x00000008   Data   RW         4732    .data               RTX_CM0.lib(rt_system.o)
    0x20000058   0x08007658   0x00000004   Data   RW         5026    .data               RTX_CM0.lib(rt_time.o)
    0x2000005c   0x0800765c   0x00000008   Data   RW         5165    .data               RTX_CM0.lib(rt_robin.o)
    0x20000064   0x08007664   0x00000004   Data   RW         5536    .data               mc_p.l(mvars.o)
    0x20000068   0x08007668   0x00000004   Data   RW         5537    .data               mc_p.l(mvars.o)
    0x2000006c        -       0x00000098   Zero   RW          438    .bss                flash.o
    0x20000104        -       0x00000400   Zero   RW          736    .bss                ssd1306.o
    0x20000504        -       0x0000004c   Zero   RW          885    .bss                i2c.o
    0x20000550        -       0x00000040   Zero   RW          918    .bss                tim.o
    0x20000590        -       0x00000070   Zero   RW          955    .bss                usart.o
    0x20000600        -       0x00000288   Zero   RW         1037    .bss                main.o
    0x20000888        -       0x00000020   Zero   RW         3766    .bss                stm32f0xx_hal_flash.o
    0x200008a8        -       0x00000020   Zero   RW         3957    .bss                rtx_conf_cm.o
    0x200008c8        -       0x00000144   Zero   RW         3958    .bss                rtx_conf_cm.o
    0x20000a0c   0x0800766c   0x00000004   PAD
    0x20000a10        -       0x00000650   Zero   RW         3959    .bss                rtx_conf_cm.o
    0x20001060        -       0x00000228   Zero   RW         3960    .bss                rtx_conf_cm.o
    0x20001288        -       0x00000084   Zero   RW         3961    .bss                rtx_conf_cm.o
    0x2000130c        -       0x00000018   Zero   RW         3962    .bss                rtx_conf_cm.o
    0x20001324        -       0x00000034   Zero   RW         4646    .bss                RTX_CM0.lib(rt_task.o)
    0x20001358        -       0x00000030   Zero   RW         4866    .bss                RTX_CM0.lib(rt_list.o)
    0x20001388        -       0x00000150   Zero   RW            2    HEAP                startup_stm32f042x6.o
    0x200014d8        -       0x00000200   Zero   RW            1    STACK               startup_stm32f042x6.o


==============================================================================

Image component sizes


      Code (inc. data)   RO Data    RW Data    ZI Data      Debug   Object Name

      2042        154          0          0          0       7985   estrategias_lion.o
       184         30          0          8        152       8130   flash.o
         0          0       1900          8          0       1177   fonts.o
      4096        230          0          0          0       5538   funciones.o
       472         32          0          0          0       3260   funciones_lion.o
      2608        234          0          0          0       5364   funciones_pantalla.o
        56          6          0          0          0        811   gpio.o
       168         24          0          0         76       1621   i2c.o
       168         14          0          0          0       1178   iniciar_pines_lion.o
       682         28          0          0        648       1829   main.o
        28          6         84         12       2680       7704   rtx_conf_cm.o
      1996         62          0          6       1024      13828   ssd1306.o
        88         38        192          0        848        660   startup_stm32f042x6.o
        78         12          0          4          0       2645   stm32f0xx_hal.o
       144         24          0          0          0       8961   stm32f0xx_hal_cortex.o
        72          0          0          0          0       1123   stm32f0xx_hal_dma.o
       352         56          0          0         32       4822   stm32f0xx_hal_flash.o
       338         22          0          0          0       2915   stm32f0xx_hal_gpio.o
      1162         26          0          0          0       9877   stm32f0xx_hal_i2c.o
       146          0          0          0          0       1943   stm32f0xx_hal_i2c_ex.o
        40          6          0          0          0        826   stm32f0xx_hal_msp.o
      1504        102          0          0          0       5245   stm32f0xx_hal_rcc.o
       268         14          0          0          0       1516   stm32f0xx_hal_rcc_ex.o
       958         82          0          0          0       8335   stm32f0xx_hal_tim.o
        72          0          0          0          0       1292   stm32f0xx_hal_tim_ex.o
      1790         42          0          0          0      12705   stm32f0xx_hal_uart.o
         2          0          0          0          0       1008   stm32f0xx_hal_uart_ex.o
         4          0          0          0          0        850   stm32f0xx_it.o
        92         14         24          4          0       1171   system_stm32f0xx.o
       380         12         16          4          0     480173   t_control_1.o
       160         14         16          4          0       1769   t_motores.o
       224         24         16          4          0       2321   t_pantalla.o
       756         18         16          4          0       2169   t_piso.o
       160         22         16          4          0       1781   t_sensores.o
       236         18          0          0         64       2251   tim.o
       160         20          0          0        112       1650   usart.o

    ----------------------------------------------------------------------
     21702       1386       2324         64       5640     616433   Object Totals
         0          0         32          0          0          0   (incl. Generated)
        16          0         12          2          4          0   (incl. Padding)

    ----------------------------------------------------------------------

      Code (inc. data)   RO Data    RW Data    ZI Data      Debug   Library Member Name

       134         14          0          0          0       1655   hal_cm.o
       356         40          0          0          0        828   hal_cm0.o
      1248        152          0          8          0      33046   rt_cmsis.o
        80          6          0          0          0        617   rt_event.o
       524         34          0          0         48       7981   rt_list.o
       516         16          0          0          0       3777   rt_mailbox.o
       140          0          0          0          0       1925   rt_membox.o
       142          0          0          0          0       2275   rt_memory.o
        92         22          0          8          0       1098   rt_robin.o
        52          4          0          0          0        545   rt_semaphore.o
       290         54          0          8          0       5955   rt_system.o
      1116        178          0          8         52       9137   rt_task.o
        10          0          0          4          0        656   rt_time.o
         4          4          0          0          0        196   svc_table.o
         0          0          0          0          0          0   entry.o
         0          0          0          0          0          0   entry10a.o
         0          0          0          0          0          0   entry11a.o
         4          0          0          0          0          0   entry12b.o
         8          4          0          0          0          0   entry2.o
         4          0          0          0          0          0   entry5.o
         0          0          0          0          0          0   entry7b.o
         0          0          0          0          0          0   entry8b.o
        30          0          0          0          0          0   handlers.o
        40          0          0          0          0         72   idiv.o
        36          8          0          0          0         68   init.o
         0          0          0          0          0          0   iusefp.o
        34          0          0          0          0         68   llushr.o
       192         20          0          0          0        144   malloc.o
        36          0          0          0          0        100   memseta.o
         0          0          0          8          0          0   mvars.o
       386          8          0          0          0        228   printf1.o
        44          0          0          0          0         72   uidiv.o
       178          0          0          0          0        108   fadd.o
       124          0          0          0          0         72   fdiv.o
       130          0          0          0          0        144   fepilogue.o
        50          0          0          0          0         60   ffixi.o
        22          0          0          0          0         68   fflti.o
       122          0          0          0          0         72   fmul.o
        24          0          0          0          0         60   fscalb.o

    ----------------------------------------------------------------------
      6182        564          0         44        100      71027   Library Totals
        14          0          0          0          0          0   (incl. Padding)

    ----------------------------------------------------------------------

      Code (inc. data)   RO Data    RW Data    ZI Data      Debug   Library Name

      4704        524          0         36        100      69691   RTX_CM0.lib
       814         40          0          8          0        752   mc_p.l
       650          0          0          0          0        584   mf_p.l

    ----------------------------------------------------------------------
      6182        564          0         44        100      71027   Library Totals

    ----------------------------------------------------------------------

==============================================================================


      Code (inc. data)   RO Data    RW Data    ZI Data      Debug   

     27884       1950       2324        108       5740     677616   Grand Totals
     27884       1950       2324        108       5740     677616   ELF Image Totals
     27884       1950       2324        108          0          0   ROM Totals

==============================================================================

    Total RO  Size (Code + RO Data)                30208 (  29.50kB)
    Total RW  Size (RW Data + ZI Data)              5848 (   5.71kB)
    Total ROM Size (Code + RO Data + RW Data)      30316 (  29.61kB)

==============================================================================

